Archive member included to satisfy reference by file (symbol)

C:/ST/STM32CubeIDE_1.14.1/STM32CubeIDE/plugins/com.st.stm32cube.ide.mcu.externaltools.gnu-tools-for-stm32.11.3.rel1.win32_1.1.100.202309141235/tools/bin/../lib/gcc/arm-none-eabi/11.3.1/../../../../arm-none-eabi/lib/thumb/v7e-m+dp/hard\libc_nano.a(libc_a-exit.o)
                              C:/ST/STM32CubeIDE_1.14.1/STM32CubeIDE/plugins/com.st.stm32cube.ide.mcu.externaltools.gnu-tools-for-stm32.11.3.rel1.win32_1.1.100.202309141235/tools/bin/../lib/gcc/arm-none-eabi/11.3.1/../../../../arm-none-eabi/lib/thumb/v7e-m+dp/hard/crt0.o (exit)
C:/ST/STM32CubeIDE_1.14.1/STM32CubeIDE/plugins/com.st.stm32cube.ide.mcu.externaltools.gnu-tools-for-stm32.11.3.rel1.win32_1.1.100.202309141235/tools/bin/../lib/gcc/arm-none-eabi/11.3.1/../../../../arm-none-eabi/lib/thumb/v7e-m+dp/hard\libc_nano.a(libc_a-findfp.o)
                              C:/ST/STM32CubeIDE_1.14.1/STM32CubeIDE/plugins/com.st.stm32cube.ide.mcu.externaltools.gnu-tools-for-stm32.11.3.rel1.win32_1.1.100.202309141235/tools/bin/../lib/gcc/arm-none-eabi/11.3.1/../../../../arm-none-eabi/lib/thumb/v7e-m+dp/hard\libc_nano.a(libc_a-exit.o) (__stdio_exit_handler)
C:/ST/STM32CubeIDE_1.14.1/STM32CubeIDE/plugins/com.st.stm32cube.ide.mcu.externaltools.gnu-tools-for-stm32.11.3.rel1.win32_1.1.100.202309141235/tools/bin/../lib/gcc/arm-none-eabi/11.3.1/../../../../arm-none-eabi/lib/thumb/v7e-m+dp/hard\libc_nano.a(libc_a-fwalk.o)
                              C:/ST/STM32CubeIDE_1.14.1/STM32CubeIDE/plugins/com.st.stm32cube.ide.mcu.externaltools.gnu-tools-for-stm32.11.3.rel1.win32_1.1.100.202309141235/tools/bin/../lib/gcc/arm-none-eabi/11.3.1/../../../../arm-none-eabi/lib/thumb/v7e-m+dp/hard\libc_nano.a(libc_a-findfp.o) (_fwalk_sglue)
C:/ST/STM32CubeIDE_1.14.1/STM32CubeIDE/plugins/com.st.stm32cube.ide.mcu.externaltools.gnu-tools-for-stm32.11.3.rel1.win32_1.1.100.202309141235/tools/bin/../lib/gcc/arm-none-eabi/11.3.1/../../../../arm-none-eabi/lib/thumb/v7e-m+dp/hard\libc_nano.a(libc_a-stdio.o)
                              C:/ST/STM32CubeIDE_1.14.1/STM32CubeIDE/plugins/com.st.stm32cube.ide.mcu.externaltools.gnu-tools-for-stm32.11.3.rel1.win32_1.1.100.202309141235/tools/bin/../lib/gcc/arm-none-eabi/11.3.1/../../../../arm-none-eabi/lib/thumb/v7e-m+dp/hard\libc_nano.a(libc_a-findfp.o) (__sread)
C:/ST/STM32CubeIDE_1.14.1/STM32CubeIDE/plugins/com.st.stm32cube.ide.mcu.externaltools.gnu-tools-for-stm32.11.3.rel1.win32_1.1.100.202309141235/tools/bin/../lib/gcc/arm-none-eabi/11.3.1/../../../../arm-none-eabi/lib/thumb/v7e-m+dp/hard\libc_nano.a(libc_a-memset.o)
                              C:/ST/STM32CubeIDE_1.14.1/STM32CubeIDE/plugins/com.st.stm32cube.ide.mcu.externaltools.gnu-tools-for-stm32.11.3.rel1.win32_1.1.100.202309141235/tools/bin/../lib/gcc/arm-none-eabi/11.3.1/../../../../arm-none-eabi/lib/thumb/v7e-m+dp/hard/crt0.o (memset)
C:/ST/STM32CubeIDE_1.14.1/STM32CubeIDE/plugins/com.st.stm32cube.ide.mcu.externaltools.gnu-tools-for-stm32.11.3.rel1.win32_1.1.100.202309141235/tools/bin/../lib/gcc/arm-none-eabi/11.3.1/../../../../arm-none-eabi/lib/thumb/v7e-m+dp/hard\libc_nano.a(libc_a-closer.o)
                              C:/ST/STM32CubeIDE_1.14.1/STM32CubeIDE/plugins/com.st.stm32cube.ide.mcu.externaltools.gnu-tools-for-stm32.11.3.rel1.win32_1.1.100.202309141235/tools/bin/../lib/gcc/arm-none-eabi/11.3.1/../../../../arm-none-eabi/lib/thumb/v7e-m+dp/hard\libc_nano.a(libc_a-stdio.o) (_close_r)
C:/ST/STM32CubeIDE_1.14.1/STM32CubeIDE/plugins/com.st.stm32cube.ide.mcu.externaltools.gnu-tools-for-stm32.11.3.rel1.win32_1.1.100.202309141235/tools/bin/../lib/gcc/arm-none-eabi/11.3.1/../../../../arm-none-eabi/lib/thumb/v7e-m+dp/hard\libc_nano.a(libc_a-reent.o)
                              C:/ST/STM32CubeIDE_1.14.1/STM32CubeIDE/plugins/com.st.stm32cube.ide.mcu.externaltools.gnu-tools-for-stm32.11.3.rel1.win32_1.1.100.202309141235/tools/bin/../lib/gcc/arm-none-eabi/11.3.1/../../../../arm-none-eabi/lib/thumb/v7e-m+dp/hard\libc_nano.a(libc_a-closer.o) (errno)
C:/ST/STM32CubeIDE_1.14.1/STM32CubeIDE/plugins/com.st.stm32cube.ide.mcu.externaltools.gnu-tools-for-stm32.11.3.rel1.win32_1.1.100.202309141235/tools/bin/../lib/gcc/arm-none-eabi/11.3.1/../../../../arm-none-eabi/lib/thumb/v7e-m+dp/hard\libc_nano.a(libc_a-impure.o)
                              C:/ST/STM32CubeIDE_1.14.1/STM32CubeIDE/plugins/com.st.stm32cube.ide.mcu.externaltools.gnu-tools-for-stm32.11.3.rel1.win32_1.1.100.202309141235/tools/bin/../lib/gcc/arm-none-eabi/11.3.1/../../../../arm-none-eabi/lib/thumb/v7e-m+dp/hard\libc_nano.a(libc_a-reent.o) (_impure_ptr)
C:/ST/STM32CubeIDE_1.14.1/STM32CubeIDE/plugins/com.st.stm32cube.ide.mcu.externaltools.gnu-tools-for-stm32.11.3.rel1.win32_1.1.100.202309141235/tools/bin/../lib/gcc/arm-none-eabi/11.3.1/../../../../arm-none-eabi/lib/thumb/v7e-m+dp/hard\libc_nano.a(libc_a-lseekr.o)
[...]
Memory Configuration

Name             Origin             Length             Attributes
FLASH            0x0000000008000000 0x0000000000200000 xr
DTCMRAM          0x0000000020000000 0x0000000000020000 xrw
RAM_D1           0x0000000024000000 0x0000000000080000 xrw
RAM_D2           0x0000000030000000 0x0000000000048000 xrw
RAM_D3           0x0000000038000000 0x0000000000010000 xrw
ITCMRAM          0x0000000000000000 0x0000000000010000 xrw
*default*        0x0000000000000000 0xffffffffffffffff

Linker script and memory map

LOAD C:/ST/STM32CubeIDE_1.14.1/STM32CubeIDE/plugins/com.st.stm32cube.ide.mcu.externaltools.gnu-tools-for-stm32.11.3.rel1.win32_1.1.100.202309141235/tools/bin/../lib/gcc/arm-none-eabi/11.3.1/thumb/v7e-m+dp/hard/crti.o
LOAD C:/ST/STM32CubeIDE_1.14.1/STM32CubeIDE/plugins/com.st.stm32cube.ide.mcu.externaltools.gnu-tools-for-stm32.11.3.rel1.win32_1.1.100.202309141235/tools/bin/../lib/gcc/arm-none-eabi/11.3.1/thumb/v7e-m+dp/hard/crtbegin.o
LOAD C:/ST/STM32CubeIDE_1.14.1/STM32CubeIDE/plugins/com.st.stm32cube.ide.mcu.externaltools.gnu-tools-for-stm32.11.3.rel1.win32_1.1.100.202309141235/tools/bin/../lib/gcc/arm-none-eabi/11.3.1/../../../../arm-none-eabi/lib/thumb/v7e-m+dp/hard/crt0.o
LOAD ./Core/Src/main.o
LOAD ./Core/Src/stm32h7xx_hal_msp.o
LOAD ./Core/Src/stm32h7xx_it.o
LOAD ./Core/Src/syscalls.o
LOAD ./Core/Src/sysmem.o
LOAD ./Core/Src/system_stm32h7xx.o
LOAD ./Core/Startup/startup_stm32h743zitx.o
LOAD ./Drivers/STM32H7xx_HAL_Driver/Src/stm32h7xx_hal.o
LOAD ./Drivers/STM32H7xx_HAL_Driver/Src/stm32h7xx_hal_adc.o
LOAD ./Drivers/STM32H7xx_HAL_Driver/Src/stm32h7xx_hal_adc_ex.o
LOAD ./Drivers/STM32H7xx_HAL_Driver/Src/stm32h7xx_hal_cortex.o
LOAD ./Drivers/STM32H7xx_HAL_Driver/Src/stm32h7xx_hal_dma.o
LOAD ./Drivers/STM32H7xx_HAL_Driver/Src/stm32h7xx_hal_dma_ex.o
LOAD ./Drivers/STM32H7xx_HAL_Driver/Src/stm32h7xx_hal_exti.o
LOAD ./Drivers/STM32H7xx_HAL_Driver/Src/stm32h7xx_hal_flash.o
LOAD ./Drivers/STM32H7xx_HAL_Driver/Src/stm32h7xx_hal_flash_ex.o
LOAD ./Drivers/STM32H7xx_HAL_Driver/Src/stm32h7xx_hal_gpio.o
LOAD ./Drivers/STM32H7xx_HAL_Driver/Src/stm32h7xx_hal_hsem.o
LOAD ./Drivers/STM32H7xx_HAL_Driver/Src/stm32h7xx_hal_i2c.o
LOAD ./Drivers/STM32H7xx_HAL_Driver/Src/stm32h7xx_hal_i2c_ex.o
LOAD ./Drivers/STM32H7xx_HAL_Driver/Src/stm32h7xx_hal_mdma.o
LOAD ./Drivers/STM32H7xx_HAL_Driver/Src/stm32h7xx_hal_pwr.o
LOAD ./Drivers/STM32H7xx_HAL_Driver/Src/stm32h7xx_hal_pwr_ex.o
LOAD ./Drivers/STM32H7xx_HAL_Driver/Src/stm32h7xx_hal_rcc.o
LOAD ./Drivers/STM32H7xx_HAL_Driver/Src/stm32h7xx_hal_rcc_ex.o
LOAD ./Drivers/STM32H7xx_HAL_Driver/Src/stm32h7xx_hal_tim.o
LOAD ./Drivers/STM32H7xx_HAL_Driver/Src/stm32h7xx_hal_tim_ex.o
START GROUP
LOAD C:/ST/STM32CubeIDE_1.14.1/STM32CubeIDE/plugins/com.st.stm32cube.ide.mcu.externaltools.gnu-tools-for-stm32.11.3.rel1.win32_1.1.100.202309141235/tools/bin/../lib/gcc/arm-none-eabi/11.3.1/../../../../arm-none-eabi/lib/thumb/v7e-m+dp/hard\libc_nano.a
LOAD C:/ST/STM32CubeIDE_1.14.1/STM32CubeIDE/plugins/com.st.stm32cube.ide.mcu.externaltools.gnu-tools-for-stm32.11.3.rel1.win32_1.1.100.202309141235/tools/bin/../lib/gcc/arm-none-eabi/11.3.1/../../../../arm-none-eabi/lib/thumb/v7e-m+dp/hard\libm.a
END GROUP
START GROUP
LOAD C:/ST/STM32CubeIDE_1.14.1/STM32CubeIDE/plugins/com.st.stm32cube.ide.mcu.externaltools.gnu-tools-for-stm32.11.3.rel1.win32_1.1.100.202309141235/tools/bin/../lib/gcc/arm-none-eabi/11.3.1/thumb/v7e-m+dp/hard\libgcc.a
LOAD C:/ST/STM32CubeIDE_1.14.1/STM32CubeIDE/plugins/com.st.stm32cube.ide.mcu.externaltools.gnu-tools-for-stm32.11.3.rel1.win32_1.1.100.202309141235/tools/bin/../lib/gcc/arm-none-eabi/11.3.1/../../../../arm-none-eabi/lib/thumb/v7e-m+dp/hard\libc_nano.a
END GROUP
START GROUP
LOAD C:/ST/STM32CubeIDE_1.14.1/STM32CubeIDE/plugins/com.st.stm32cube.ide.mcu.externaltools.gnu-tools-for-stm32.11.3.rel1.win32_1.1.100.202309141235/tools/bin/../lib/gcc/arm-none-eabi/11.3.1/thumb/v7e-m+dp/hard\libgcc.a
LOAD C:/ST/STM32CubeIDE_1.14.1/STM32CubeIDE/plugins/com.st.stm32cube.ide.mcu.externaltools.gnu-tools-for-stm32.11.3.rel1.win32_1.1.100.202309141235/tools/bin/../lib/gcc/arm-none-eabi/11.3.1/../../../../arm-none-eabi/lib/thumb/v7e-m+dp/hard\libc_nano.a
LOAD C:/ST/STM32CubeIDE_1.14.1/STM32CubeIDE/plugins/com.st.stm32cube.ide.mcu.externaltools.gnu-tools-for-stm32.11.3.rel1.win32_1.1.100.202309141235/tools/bin/../lib/gcc/arm-none-eabi/11.3.1/../../../../arm-none-eabi/lib/thumb/v7e-m+dp/hard\libnosys.a
END GROUP
START GROUP
LOAD C:/ST/STM32CubeIDE_1.14.1/STM32CubeIDE/plugins/com.st.stm32cube.ide.mcu.externaltools.gnu-tools-for-stm32.11.3.rel1.win32_1.1.100.202309141235/tools/bin/../lib/gcc/arm-none-eabi/11.3.1/thumb/v7e-m+dp/hard\libgcc.a
LOAD C:/ST/STM32CubeIDE_1.14.1/STM32CubeIDE/plugins/com.st.stm32cube.ide.mcu.externaltools.gnu-tools-for-stm32.11.3.rel1.win32_1.1.100.202309141235/tools/bin/../lib/gcc/arm-none-eabi/11.3.1/../../../../arm-none-eabi/lib/thumb/v7e-m+dp/hard\libc_nano.a
LOAD C:/ST/STM32CubeIDE_1.14.1/STM32CubeIDE/plugins/com.st.stm32cube.ide.mcu.externaltools.gnu-tools-for-stm32.11.3.rel1.win32_1.1.100.202309141235/tools/bin/../lib/gcc/arm-none-eabi/11.3.1/../../../../arm-none-eabi/lib/thumb/v7e-m+dp/hard\libnosys.a
END GROUP
LOAD C:/ST/STM32CubeIDE_1.14.1/STM32CubeIDE/plugins/com.st.stm32cube.ide.mcu.externaltools.gnu-tools-for-stm32.11.3.rel1.win32_1.1.100.202309141235/tools/bin/../lib/gcc/arm-none-eabi/11.3.1/thumb/v7e-m+dp/hard/crtend.o
LOAD C:/ST/STM32CubeIDE_1.14.1/STM32CubeIDE/plugins/com.st.stm32cube.ide.mcu.externaltools.gnu-tools-for-stm32.11.3.rel1.win32_1.1.100.202309141235/tools/bin/../lib/gcc/arm-none-eabi/11.3.1/thumb/v7e-m+dp/hard/crtn.o
                0x0000000024080000                _estack = (ORIGIN (RAM_D1) + LENGTH (RAM_D1))
                0x0000000000000200                _Min_Heap_Size = 0x200
                0x0000000000000400                _Min_Stack_Size = 0x400

.isr_vector     0x0000000008000000      0x298
                0x0000000008000000                . = ALIGN (0x4)
 *(.isr_vector)
 .isr_vector    0x0000000008000000      0x298 ./Core/Startup/startup_stm32h743zitx.o
                0x0000000008000000                g_pfnVectors
                0x0000000008000298                . = ALIGN (0x4)

.text           0x0000000008000298     0xb360
                0x0000000008000298                . = ALIGN (0x4)
 *(.text)
 .text          0x0000000008000298       0x40 C:/ST/STM32CubeIDE_1.14.1/STM32CubeIDE/plugins/com.st.stm32cube.ide.mcu.externaltools.gnu-tools-for-stm32.11.3.rel1.win32_1.1.100.202309141235/tools/bin/../lib/gcc/arm-none-eabi/11.3.1/thumb/v7e-m+dp/hard/crtbegin.o
 *(.text*)
 .text.writeVCNLByte
                0x00000000080002d8       0x4c ./Core/Src/main.o
                0x00000000080002d8                writeVCNLByte
 .text.readVCNLByte
                0x0000000008000324       0x6c ./Core/Src/main.o
                0x0000000008000324                readVCNLByte
 .text.main     0x0000000008000390      0x1a0 ./Core/Src/main.o
                0x0000000008000390                main
 .text.SystemClock_Config
                0x0000000008000530      0x15c ./Core/Src/main.o
                0x0000000008000530                SystemClock_Config
 .text.MX_ADC1_Init
                0x000000000800068c      0x11c ./Core/Src/main.o
 .text.MX_I2C1_Init
                0x00000000080007a8       0x80 ./Core/Src/main.o
 .text.MX_TIM4_Init
                0x0000000008000828       0x9c ./Core/Src/main.o
 .text.MX_DMA_Init
                0x00000000080008c4       0x40 ./Core/Src/main.o
 .text.MX_GPIO_Init
                0x0000000008000904      0x1f8 ./Core/Src/main.o
 .text.HAL_TIM_PeriodElapsedCallback
                0x0000000008000afc       0x2c ./Core/Src/main.o
                0x0000000008000afc                HAL_TIM_PeriodElapsedCallback
 .text.HAL_ADC_ConvHalfCpltCallback
                0x0000000008000b28       0x20 ./Core/Src/main.o
                0x0000000008000b28                HAL_ADC_ConvHalfCpltCallback
 .text.HAL_ADC_ConvCpltCallback
                0x0000000008000b48       0x34 ./Core/Src/main.o
                0x0000000008000b48                HAL_ADC_ConvCpltCallback
 .text.Error_Handler
                0x0000000008000b7c        0xa ./Core/Src/main.o
                0x0000000008000b7c                Error_Handler
 *fill*         0x0000000008000b86        0x2 
 .text.HAL_MspInit
                0x0000000008000b88       0x34 ./Core/Src/stm32h7xx_hal_msp.o
                0x0000000008000b88                HAL_MspInit
 .text.HAL_ADC_MspInit
                0x0000000008000bbc      0x1a4 ./Core/Src/stm32h7xx_hal_msp.o
                0x0000000008000bbc                HAL_ADC_MspInit
 .text.HAL_I2C_MspInit
                0x0000000008000d60       0xf0 ./Core/Src/stm32h7xx_hal_msp.o
                0x0000000008000d60                HAL_I2C_MspInit
 .text.HAL_TIM_Base_MspInit
                0x0000000008000e50       0x50 ./Core/Src/stm32h7xx_hal_msp.o
                0x0000000008000e50                HAL_TIM_Base_MspInit
 .text.NMI_Handler
                0x0000000008000ea0        0x6 ./Core/Src/stm32h7xx_it.o
                0x0000000008000ea0                NMI_Handler
 .text.HardFault_Handler
                0x0000000008000ea6        0x6 ./Core/Src/stm32h7xx_it.o
                0x0000000008000ea6                HardFault_Handler
 .text.MemManage_Handler
                0x0000000008000eac        0x6 ./Core/Src/stm32h7xx_it.o
                0x0000000008000eac                MemManage_Handler
 .text.BusFault_Handler
                0x0000000008000eb2        0x6 ./Core/Src/stm32h7xx_it.o
                0x0000000008000eb2                BusFault_Handler
 .text.UsageFault_Handler
                0x0000000008000eb8        0x6 ./Core/Src/stm32h7xx_it.o
                0x0000000008000eb8                UsageFault_Handler
 .text.SVC_Handler
                0x0000000008000ebe        0xe ./Core/Src/stm32h7xx_it.o
                0x0000000008000ebe                SVC_Handler
 .text.DebugMon_Handler
                0x0000000008000ecc        0xe ./Core/Src/stm32h7xx_it.o
                0x0000000008000ecc                DebugMon_Handler
 .text.PendSV_Handler
                0x0000000008000eda        0xe ./Core/Src/stm32h7xx_it.o
                0x0000000008000eda                PendSV_Handler
 .text.SysTick_Handler
                0x0000000008000ee8        0xc ./Core/Src/stm32h7xx_it.o
                0x0000000008000ee8                SysTick_Handler
 .text.DMA1_Stream0_IRQHandler
                0x0000000008000ef4       0x14 ./Core/Src/stm32h7xx_it.o
                0x0000000008000ef4                DMA1_Stream0_IRQHandler
 .text.ADC_IRQHandler
                0x0000000008000f08       0x14 ./Core/Src/stm32h7xx_it.o
                0x0000000008000f08                ADC_IRQHandler
 .text.TIM4_IRQHandler
                0x0000000008000f1c       0x14 ./Core/Src/stm32h7xx_it.o
                0x0000000008000f1c                TIM4_IRQHandler
 .text.I2C1_EV_IRQHandler
                0x0000000008000f30       0x14 ./Core/Src/stm32h7xx_it.o
                0x0000000008000f30                I2C1_EV_IRQHandler
 .text.I2C1_ER_IRQHandler
                0x0000000008000f44       0x14 ./Core/Src/stm32h7xx_it.o
                0x0000000008000f44                I2C1_ER_IRQHandler
 .text.SystemInit
                0x0000000008000f58      0x110 ./Core/Src/system_stm32h7xx.o
                0x0000000008000f58                SystemInit
 .text.Reset_Handler
                0x0000000008001068       0x50 ./Core/Startup/startup_stm32h743zitx.o
                0x0000000008001068                Reset_Handler
 .text.Default_Handler
                0x00000000080010b8        0x2 ./Core/Startup/startup_stm32h743zitx.o
                0x00000000080010b8                RTC_Alarm_IRQHandler
                0x00000000080010b8                EXTI2_IRQHandler
                0x00000000080010b8                TIM8_CC_IRQHandler
                0x00000000080010b8                HRTIM1_Master_IRQHandler
                0x00000000080010b8                UART8_IRQHandler
                0x00000000080010b8                SPI4_IRQHandler
                0x00000000080010b8                TIM1_CC_IRQHandler
                0x00000000080010b8                BDMA_Channel6_IRQHandler
                0x00000000080010b8                DMA2_Stream5_IRQHandler
                0x00000000080010b8                HRTIM1_FLT_IRQHandler
                0x00000000080010b8                JPEG_IRQHandler
                0x00000000080010b8                DMA1_Stream5_IRQHandler
                0x00000000080010b8                BDMA_Channel1_IRQHandler
                0x00000000080010b8                HRTIM1_TIMD_IRQHandler
                0x00000000080010b8                TAMP_STAMP_IRQHandler
                0x00000000080010b8                EXTI3_IRQHandler
                0x00000000080010b8                LPTIM4_IRQHandler
                0x00000000080010b8                TIM8_TRG_COM_TIM14_IRQHandler
                0x00000000080010b8                LPTIM2_IRQHandler
                0x00000000080010b8                DFSDM1_FLT1_IRQHandler
                0x00000000080010b8                DMAMUX2_OVR_IRQHandler
                0x00000000080010b8                TIM8_UP_TIM13_IRQHandler
                0x00000000080010b8                I2C3_ER_IRQHandler
                0x00000000080010b8                DFSDM1_FLT2_IRQHandler
                0x00000000080010b8                MDMA_IRQHandler
                0x00000000080010b8                LPTIM3_IRQHandler
                0x00000000080010b8                HSEM1_IRQHandler
                0x00000000080010b8                EXTI0_IRQHandler
                0x00000000080010b8                I2C2_EV_IRQHandler
                0x00000000080010b8                DMA1_Stream2_IRQHandler
                0x00000000080010b8                FPU_IRQHandler
                0x00000000080010b8                OTG_HS_WKUP_IRQHandler
                0x00000000080010b8                FDCAN1_IT1_IRQHandler
                0x00000000080010b8                LTDC_ER_IRQHandler
                0x00000000080010b8                DMA2_Stream2_IRQHandler
                0x00000000080010b8                HRTIM1_TIME_IRQHandler
                0x00000000080010b8                SPI1_IRQHandler
                0x00000000080010b8                TIM6_DAC_IRQHandler
                0x00000000080010b8                DCMI_IRQHandler
                0x00000000080010b8                HRTIM1_TIMC_IRQHandler
                0x00000000080010b8                DMA2_Stream3_IRQHandler
                0x00000000080010b8                SAI2_IRQHandler
                0x00000000080010b8                DFSDM1_FLT3_IRQHandler
                0x00000000080010b8                USART6_IRQHandler
                0x00000000080010b8                TIM17_IRQHandler
                0x00000000080010b8                USART3_IRQHandler
                0x00000000080010b8                BDMA_Channel7_IRQHandler
                0x00000000080010b8                LPTIM5_IRQHandler
                0x00000000080010b8                UART5_IRQHandler
                0x00000000080010b8                ADC3_IRQHandler
                0x00000000080010b8                DMA2_Stream0_IRQHandler
                0x00000000080010b8                BDMA_Channel2_IRQHandler
                0x00000000080010b8                QUADSPI_IRQHandler
                0x00000000080010b8                DMA1_Stream6_IRQHandler
                0x00000000080010b8                DMAMUX1_OVR_IRQHandler
                0x00000000080010b8                DMA1_Stream1_IRQHandler
                0x00000000080010b8                TIM16_IRQHandler
                0x00000000080010b8                UART4_IRQHandler
                0x00000000080010b8                BDMA_Channel5_IRQHandler
                0x00000000080010b8                TIM3_IRQHandler
                0x00000000080010b8                RCC_IRQHandler
                0x00000000080010b8                TIM8_BRK_TIM12_IRQHandler
                0x00000000080010b8                TIM1_TRG_COM_IRQHandler
                0x00000000080010b8                Default_Handler
                0x00000000080010b8                ECC_IRQHandler
                0x00000000080010b8                CEC_IRQHandler
                0x00000000080010b8                EXTI15_10_IRQHandler
                0x00000000080010b8                BDMA_Channel0_IRQHandler
                0x00000000080010b8                DMA1_Stream7_IRQHandler
                0x00000000080010b8                HRTIM1_TIMA_IRQHandler
                0x00000000080010b8                SPI5_IRQHandler
                0x00000000080010b8                TIM7_IRQHandler
                0x00000000080010b8                SDMMC1_IRQHandler
                0x00000000080010b8                TIM5_IRQHandler
                0x00000000080010b8                DMA2_Stream7_IRQHandler
                0x00000000080010b8                TIM15_IRQHandler
                0x00000000080010b8                PVD_AVD_IRQHandler
                0x00000000080010b8                I2C3_EV_IRQHandler
                0x00000000080010b8                EXTI9_5_IRQHandler
                0x00000000080010b8                RTC_WKUP_IRQHandler
                0x00000000080010b8                LTDC_IRQHandler
                0x00000000080010b8                SAI3_IRQHandler
                0x00000000080010b8                ETH_WKUP_IRQHandler
                0x00000000080010b8                SPDIF_RX_IRQHandler
                0x00000000080010b8                SPI2_IRQHandler
                0x00000000080010b8                OTG_HS_EP1_IN_IRQHandler
                0x00000000080010b8                CRS_IRQHandler
                0x00000000080010b8                EXTI4_IRQHandler
                0x00000000080010b8                RNG_IRQHandler
                0x00000000080010b8                HRTIM1_TIMB_IRQHandler
                0x00000000080010b8                FDCAN2_IT1_IRQHandler
                0x00000000080010b8                ETH_IRQHandler
                0x00000000080010b8                TIM1_UP_IRQHandler
                0x00000000080010b8                BDMA_Channel4_IRQHandler
                0x00000000080010b8                OTG_HS_EP1_OUT_IRQHandler
                0x00000000080010b8                WWDG_IRQHandler
                0x00000000080010b8                SPI6_IRQHandler
                0x00000000080010b8                MDIOS_IRQHandler
                0x00000000080010b8                I2C4_EV_IRQHandler
                0x00000000080010b8                FDCAN2_IT0_IRQHandler
                0x00000000080010b8                LPUART1_IRQHandler
                0x00000000080010b8                FDCAN1_IT0_IRQHandler
                0x00000000080010b8                TIM2_IRQHandler
                0x00000000080010b8                OTG_FS_WKUP_IRQHandler
                0x00000000080010b8                OTG_HS_IRQHandler
                0x00000000080010b8                DMA2D_IRQHandler
                0x00000000080010b8                TIM1_BRK_IRQHandler
                0x00000000080010b8                EXTI1_IRQHandler
                0x00000000080010b8                SDMMC2_IRQHandler
                0x00000000080010b8                OTG_FS_EP1_OUT_IRQHandler
                0x00000000080010b8                BDMA_Channel3_IRQHandler
                0x00000000080010b8                UART7_IRQHandler
                0x00000000080010b8                MDIOS_WKUP_IRQHandler
                0x00000000080010b8                USART2_IRQHandler
                0x00000000080010b8                DFSDM1_FLT0_IRQHandler
                0x00000000080010b8                SAI4_IRQHandler
                0x00000000080010b8                I2C2_ER_IRQHandler
                0x00000000080010b8                DMA2_Stream1_IRQHandler
                0x00000000080010b8                FLASH_IRQHandler
                0x00000000080010b8                DMA2_Stream4_IRQHandler
                0x00000000080010b8                USART1_IRQHandler
                0x00000000080010b8                OTG_FS_IRQHandler
                0x00000000080010b8                SPI3_IRQHandler
                0x00000000080010b8                WAKEUP_PIN_IRQHandler
                0x00000000080010b8                DMA1_Stream4_IRQHandler
                0x00000000080010b8                OTG_FS_EP1_IN_IRQHandler
                0x00000000080010b8                FMC_IRQHandler
                0x00000000080010b8                FDCAN_CAL_IRQHandler
                0x00000000080010b8                SWPMI1_IRQHandler
                0x00000000080010b8                COMP1_IRQHandler
                0x00000000080010b8                LPTIM1_IRQHandler
                0x00000000080010b8                I2C4_ER_IRQHandler
                0x00000000080010b8                DMA2_Stream6_IRQHandler
                0x00000000080010b8                SAI1_IRQHandler
                0x00000000080010b8                DMA1_Stream3_IRQHandler
 *fill*         0x00000000080010ba        0x2 
 .text.HAL_Init
                0x00000000080010bc       0x78 ./Drivers/STM32H7xx_HAL_Driver/Src/stm32h7xx_hal.o
                0x00000000080010bc                HAL_Init
 .text.HAL_InitTick
                0x0000000008001134       0x6c ./Drivers/STM32H7xx_HAL_Driver/Src/stm32h7xx_hal.o
                0x0000000008001134                HAL_InitTick
 .text.HAL_IncTick
                0x00000000080011a0       0x28 ./Drivers/STM32H7xx_HAL_Driver/Src/stm32h7xx_hal.o
                0x00000000080011a0                HAL_IncTick
 .text.HAL_GetTick
                0x00000000080011c8       0x18 ./Drivers/STM32H7xx_HAL_Driver/Src/stm32h7xx_hal.o
                0x00000000080011c8                HAL_GetTick
 .text.HAL_Delay
                0x00000000080011e0       0x48 ./Drivers/STM32H7xx_HAL_Driver/Src/stm32h7xx_hal.o
                0x00000000080011e0                HAL_Delay
 .text.HAL_GetREVID
                0x0000000008001228       0x18 ./Drivers/STM32H7xx_HAL_Driver/Src/stm32h7xx_hal.o
                0x0000000008001228                HAL_GetREVID
 .text.LL_ADC_SetCommonClock
                0x0000000008001240       0x26 ./Drivers/STM32H7xx_HAL_Driver/Src/stm32h7xx_hal_adc.o
 .text.LL_ADC_SetCommonPathInternalCh
                0x0000000008001266       0x26 ./Drivers/STM32H7xx_HAL_Driver/Src/stm32h7xx_hal_adc.o
 .text.LL_ADC_GetCommonPathInternalCh
                0x000000000800128c       0x1c ./Drivers/STM32H7xx_HAL_Driver/Src/stm32h7xx_hal_adc.o
 .text.LL_ADC_SetOffset
                0x00000000080012a8       0x40 ./Drivers/STM32H7xx_HAL_Driver/Src/stm32h7xx_hal_adc.o
 .text.LL_ADC_SetDataRightShift
                0x00000000080012e8       0x32 ./Drivers/STM32H7xx_HAL_Driver/Src/stm32h7xx_hal_adc.o
 .text.LL_ADC_SetOffsetSignedSaturation
                0x000000000800131a       0x36 ./Drivers/STM32H7xx_HAL_Driver/Src/stm32h7xx_hal_adc.o
 .text.LL_ADC_REG_IsTriggerSourceSWStart
                0x0000000008001350       0x26 ./Drivers/STM32H7xx_HAL_Driver/Src/stm32h7xx_hal_adc.o
 .text.LL_ADC_REG_SetSequencerRanks
                0x0000000008001376       0x58 ./Drivers/STM32H7xx_HAL_Driver/Src/stm32h7xx_hal_adc.o
 .text.LL_ADC_REG_SetDataTransferMode
                0x00000000080013ce       0x26 ./Drivers/STM32H7xx_HAL_Driver/Src/stm32h7xx_hal_adc.o
 .text.LL_ADC_INJ_IsTriggerSourceSWStart
                0x00000000080013f4       0x26 ./Drivers/STM32H7xx_HAL_Driver/Src/stm32h7xx_hal_adc.o
 .text.LL_ADC_SetChannelSamplingTime
                0x000000000800141a       0x56 ./Drivers/STM32H7xx_HAL_Driver/Src/stm32h7xx_hal_adc.o
 .text.LL_ADC_SetChannelSingleDiff
                0x0000000008001470       0x48 ./Drivers/STM32H7xx_HAL_Driver/Src/stm32h7xx_hal_adc.o
 .text.LL_ADC_GetMultimode
                0x00000000080014b8       0x1c ./Drivers/STM32H7xx_HAL_Driver/Src/stm32h7xx_hal_adc.o
 .text.LL_ADC_GetMultiDMATransfer
                0x00000000080014d4       0x1c ./Drivers/STM32H7xx_HAL_Driver/Src/stm32h7xx_hal_adc.o
 .text.LL_ADC_DisableDeepPowerDown
                0x00000000080014f0       0x24 ./Drivers/STM32H7xx_HAL_Driver/Src/stm32h7xx_hal_adc.o
 .text.LL_ADC_IsDeepPowerDownEnabled
                0x0000000008001514       0x28 ./Drivers/STM32H7xx_HAL_Driver/Src/stm32h7xx_hal_adc.o
 .text.LL_ADC_EnableInternalRegulator
                0x000000000800153c       0x28 ./Drivers/STM32H7xx_HAL_Driver/Src/stm32h7xx_hal_adc.o
 .text.LL_ADC_IsInternalRegulatorEnabled
                0x0000000008001564       0x28 ./Drivers/STM32H7xx_HAL_Driver/Src/stm32h7xx_hal_adc.o
 .text.LL_ADC_Enable
                0x000000000800158c       0x28 ./Drivers/STM32H7xx_HAL_Driver/Src/stm32h7xx_hal_adc.o
 .text.LL_ADC_IsEnabled
                0x00000000080015b4       0x26 ./Drivers/STM32H7xx_HAL_Driver/Src/stm32h7xx_hal_adc.o
 *fill*         0x00000000080015da        0x2 
 .text.LL_ADC_REG_StartConversion
                0x00000000080015dc       0x28 ./Drivers/STM32H7xx_HAL_Driver/Src/stm32h7xx_hal_adc.o
 .text.LL_ADC_REG_IsConversionOngoing
                0x0000000008001604       0x26 ./Drivers/STM32H7xx_HAL_Driver/Src/stm32h7xx_hal_adc.o
 .text.LL_ADC_INJ_IsConversionOngoing
                0x000000000800162a       0x26 ./Drivers/STM32H7xx_HAL_Driver/Src/stm32h7xx_hal_adc.o
 .text.HAL_ADC_Init
                0x0000000008001650      0x344 ./Drivers/STM32H7xx_HAL_Driver/Src/stm32h7xx_hal_adc.o
                0x0000000008001650                HAL_ADC_Init
 .text.HAL_ADC_Start_DMA
                0x0000000008001994      0x188 ./Drivers/STM32H7xx_HAL_Driver/Src/stm32h7xx_hal_adc.o
                0x0000000008001994                HAL_ADC_Start_DMA
 .text.HAL_ADC_IRQHandler
                0x0000000008001b1c      0x474 ./Drivers/STM32H7xx_HAL_Driver/Src/stm32h7xx_hal_adc.o
                0x0000000008001b1c                HAL_ADC_IRQHandler
 .text.HAL_ADC_LevelOutOfWindowCallback
                0x0000000008001f90       0x14 ./Drivers/STM32H7xx_HAL_Driver/Src/stm32h7xx_hal_adc.o
                0x0000000008001f90                HAL_ADC_LevelOutOfWindowCallback
 .text.HAL_ADC_ErrorCallback
                0x0000000008001fa4       0x14 ./Drivers/STM32H7xx_HAL_Driver/Src/stm32h7xx_hal_adc.o
                0x0000000008001fa4                HAL_ADC_ErrorCallback
 .text.HAL_ADC_ConfigChannel
                0x0000000008001fb8      0x6a0 ./Drivers/STM32H7xx_HAL_Driver/Src/stm32h7xx_hal_adc.o
                0x0000000008001fb8                HAL_ADC_ConfigChannel
 .text.ADC_Enable
                0x0000000008002658      0x114 ./Drivers/STM32H7xx_HAL_Driver/Src/stm32h7xx_hal_adc.o
                0x0000000008002658                ADC_Enable
 .text.ADC_DMAConvCplt
                0x000000000800276c       0xd8 ./Drivers/STM32H7xx_HAL_Driver/Src/stm32h7xx_hal_adc.o
                0x000000000800276c                ADC_DMAConvCplt
 .text.ADC_DMAHalfConvCplt
                0x0000000008002844       0x1c ./Drivers/STM32H7xx_HAL_Driver/Src/stm32h7xx_hal_adc.o
                0x0000000008002844                ADC_DMAHalfConvCplt
 .text.ADC_DMAError
                0x0000000008002860       0x34 ./Drivers/STM32H7xx_HAL_Driver/Src/stm32h7xx_hal_adc.o
                0x0000000008002860                ADC_DMAError
 .text.ADC_ConfigureBoostMode
                0x0000000008002894      0x218 ./Drivers/STM32H7xx_HAL_Driver/Src/stm32h7xx_hal_adc.o
                0x0000000008002894                ADC_ConfigureBoostMode
 .text.LL_ADC_IsEnabled
                0x0000000008002aac       0x26 ./Drivers/STM32H7xx_HAL_Driver/Src/stm32h7xx_hal_adc_ex.o
 .text.LL_ADC_REG_IsConversionOngoing
                0x0000000008002ad2       0x26 ./Drivers/STM32H7xx_HAL_Driver/Src/stm32h7xx_hal_adc_ex.o
 .text.HAL_ADCEx_InjectedConvCpltCallback
                0x0000000008002af8       0x14 ./Drivers/STM32H7xx_HAL_Driver/Src/stm32h7xx_hal_adc_ex.o
                0x0000000008002af8                HAL_ADCEx_InjectedConvCpltCallback
 .text.HAL_ADCEx_InjectedQueueOverflowCallback
                0x0000000008002b0c       0x14 ./Drivers/STM32H7xx_HAL_Driver/Src/stm32h7xx_hal_adc_ex.o
                0x0000000008002b0c                HAL_ADCEx_InjectedQueueOverflowCallback
 .text.HAL_ADCEx_LevelOutOfWindow2Callback
                0x0000000008002b20       0x14 ./Drivers/STM32H7xx_HAL_Driver/Src/stm32h7xx_hal_adc_ex.o
                0x0000000008002b20                HAL_ADCEx_LevelOutOfWindow2Callback
 .text.HAL_ADCEx_LevelOutOfWindow3Callback
                0x0000000008002b34       0x14 ./Drivers/STM32H7xx_HAL_Driver/Src/stm32h7xx_hal_adc_ex.o
                0x0000000008002b34                HAL_ADCEx_LevelOutOfWindow3Callback
 .text.HAL_ADCEx_EndOfSamplingCallback
                0x0000000008002b48       0x14 ./Drivers/STM32H7xx_HAL_Driver/Src/stm32h7xx_hal_adc_ex.o
                0x0000000008002b48                HAL_ADCEx_EndOfSamplingCallback
 .text.HAL_ADCEx_MultiModeConfigChannel
                0x0000000008002b5c      0x1bc ./Drivers/STM32H7xx_HAL_Driver/Src/stm32h7xx_hal_adc_ex.o
                0x0000000008002b5c                HAL_ADCEx_MultiModeConfigChannel
 .text.__NVIC_SetPriorityGrouping
                0x0000000008002d18       0x48 ./Drivers/STM32H7xx_HAL_Driver/Src/stm32h7xx_hal_cortex.o
 .text.__NVIC_GetPriorityGrouping
                0x0000000008002d60       0x1c ./Drivers/STM32H7xx_HAL_Driver/Src/stm32h7xx_hal_cortex.o
 .text.__NVIC_EnableIRQ
                0x0000000008002d7c       0x3c ./Drivers/STM32H7xx_HAL_Driver/Src/stm32h7xx_hal_cortex.o
 .text.__NVIC_SetPriority
                0x0000000008002db8       0x54 ./Drivers/STM32H7xx_HAL_Driver/Src/stm32h7xx_hal_cortex.o
 .text.NVIC_EncodePriority
                0x0000000008002e0c       0x66 ./Drivers/STM32H7xx_HAL_Driver/Src/stm32h7xx_hal_cortex.o
 *fill*         0x0000000008002e72        0x2 
 .text.SysTick_Config
                0x0000000008002e74       0x44 ./Drivers/STM32H7xx_HAL_Driver/Src/stm32h7xx_hal_cortex.o
 .text.HAL_NVIC_SetPriorityGrouping
                0x0000000008002eb8       0x16 ./Drivers/STM32H7xx_HAL_Driver/Src/stm32h7xx_hal_cortex.o
                0x0000000008002eb8                HAL_NVIC_SetPriorityGrouping
 .text.HAL_NVIC_SetPriority
                0x0000000008002ece       0x34 ./Drivers/STM32H7xx_HAL_Driver/Src/stm32h7xx_hal_cortex.o
                0x0000000008002ece                HAL_NVIC_SetPriority
 .text.HAL_NVIC_EnableIRQ
                0x0000000008002f02       0x1c ./Drivers/STM32H7xx_HAL_Driver/Src/stm32h7xx_hal_cortex.o
                0x0000000008002f02                HAL_NVIC_EnableIRQ
 .text.HAL_SYSTICK_Config
                0x0000000008002f1e       0x18 ./Drivers/STM32H7xx_HAL_Driver/Src/stm32h7xx_hal_cortex.o
                0x0000000008002f1e                HAL_SYSTICK_Config
 *fill*         0x0000000008002f36        0x2 
 .text.HAL_DMA_Init
                0x0000000008002f38      0x6b8 ./Drivers/STM32H7xx_HAL_Driver/Src/stm32h7xx_hal_dma.o
                0x0000000008002f38                HAL_DMA_Init
 .text.HAL_DMA_Start_IT
                0x00000000080035f0      0x4d4 ./Drivers/STM32H7xx_HAL_Driver/Src/stm32h7xx_hal_dma.o
                0x00000000080035f0                HAL_DMA_Start_IT
 .text.HAL_DMA_Abort_IT
                0x0000000008003ac4      0x48c ./Drivers/STM32H7xx_HAL_Driver/Src/stm32h7xx_hal_dma.o
                0x0000000008003ac4                HAL_DMA_Abort_IT
 .text.HAL_DMA_IRQHandler
                0x0000000008003f50      0xe54 ./Drivers/STM32H7xx_HAL_Driver/Src/stm32h7xx_hal_dma.o
                0x0000000008003f50                HAL_DMA_IRQHandler
 .text.HAL_DMA_GetState
                0x0000000008004da4       0x1c ./Drivers/STM32H7xx_HAL_Driver/Src/stm32h7xx_hal_dma.o
                0x0000000008004da4                HAL_DMA_GetState
 .text.DMA_SetConfig
                0x0000000008004dc0      0x358 ./Drivers/STM32H7xx_HAL_Driver/Src/stm32h7xx_hal_dma.o
 .text.DMA_CalcBaseAndBitshift
                0x0000000008005118      0x164 ./Drivers/STM32H7xx_HAL_Driver/Src/stm32h7xx_hal_dma.o
 .text.DMA_CheckFifoParam
                0x000000000800527c       0xf8 ./Drivers/STM32H7xx_HAL_Driver/Src/stm32h7xx_hal_dma.o
 .text.DMA_CalcDMAMUXChannelBaseAndMask
                0x0000000008005374      0x134 ./Drivers/STM32H7xx_HAL_Driver/Src/stm32h7xx_hal_dma.o
 .text.DMA_CalcDMAMUXRequestGenBaseAndMask
                0x00000000080054a8       0xe8 ./Drivers/STM32H7xx_HAL_Driver/Src/stm32h7xx_hal_dma.o
 .text.HAL_GPIO_Init
                0x0000000008005590      0x360 ./Drivers/STM32H7xx_HAL_Driver/Src/stm32h7xx_hal_gpio.o
                0x0000000008005590                HAL_GPIO_Init
 .text.HAL_GPIO_WritePin
                0x00000000080058f0       0x32 ./Drivers/STM32H7xx_HAL_Driver/Src/stm32h7xx_hal_gpio.o
                0x00000000080058f0                HAL_GPIO_WritePin
 .text.HAL_GPIO_TogglePin
                0x0000000008005922       0x34 ./Drivers/STM32H7xx_HAL_Driver/Src/stm32h7xx_hal_gpio.o
                0x0000000008005922                HAL_GPIO_TogglePin
 *fill*         0x0000000008005956        0x2 
 .text.HAL_I2C_Init
                0x0000000008005958      0x120 ./Drivers/STM32H7xx_HAL_Driver/Src/stm32h7xx_hal_i2c.o
                0x0000000008005958                HAL_I2C_Init
 .text.HAL_I2C_Master_Transmit
                0x0000000008005a78      0x1e8 ./Drivers/STM32H7xx_HAL_Driver/Src/stm32h7xx_hal_i2c.o
                0x0000000008005a78                HAL_I2C_Master_Transmit
 .text.HAL_I2C_Master_Receive
                0x0000000008005c60      0x1ec ./Drivers/STM32H7xx_HAL_Driver/Src/stm32h7xx_hal_i2c.o
                0x0000000008005c60                HAL_I2C_Master_Receive
 .text.HAL_I2C_EV_IRQHandler
                0x0000000008005e4c       0x34 ./Drivers/STM32H7xx_HAL_Driver/Src/stm32h7xx_hal_i2c.o
                0x0000000008005e4c                HAL_I2C_EV_IRQHandler
 .text.HAL_I2C_ER_IRQHandler
                0x0000000008005e80       0xb6 ./Drivers/STM32H7xx_HAL_Driver/Src/stm32h7xx_hal_i2c.o
                0x0000000008005e80                HAL_I2C_ER_IRQHandler
 .text.HAL_I2C_SlaveTxCpltCallback
                0x0000000008005f36       0x14 ./Drivers/STM32H7xx_HAL_Driver/Src/stm32h7xx_hal_i2c.o
                0x0000000008005f36                HAL_I2C_SlaveTxCpltCallback
 .text.HAL_I2C_SlaveRxCpltCallback
                0x0000000008005f4a       0x14 ./Drivers/STM32H7xx_HAL_Driver/Src/stm32h7xx_hal_i2c.o
                0x0000000008005f4a                HAL_I2C_SlaveRxCpltCallback
 .text.HAL_I2C_AddrCallback
                0x0000000008005f5e       0x1c ./Drivers/STM32H7xx_HAL_Driver/Src/stm32h7xx_hal_i2c.o
                0x0000000008005f5e                HAL_I2C_AddrCallback
 .text.HAL_I2C_ListenCpltCallback
                0x0000000008005f7a       0x14 ./Drivers/STM32H7xx_HAL_Driver/Src/stm32h7xx_hal_i2c.o
                0x0000000008005f7a                HAL_I2C_ListenCpltCallback
 .text.HAL_I2C_ErrorCallback
                0x0000000008005f8e       0x14 ./Drivers/STM32H7xx_HAL_Driver/Src/stm32h7xx_hal_i2c.o
                0x0000000008005f8e                HAL_I2C_ErrorCallback
 .text.HAL_I2C_AbortCpltCallback
                0x0000000008005fa2       0x14 ./Drivers/STM32H7xx_HAL_Driver/Src/stm32h7xx_hal_i2c.o
                0x0000000008005fa2                HAL_I2C_AbortCpltCallback
 .text.I2C_Slave_ISR_IT
                0x0000000008005fb6      0x1f0 ./Drivers/STM32H7xx_HAL_Driver/Src/stm32h7xx_hal_i2c.o
 .text.I2C_ITAddrCplt
                0x00000000080061a6      0x108 ./Drivers/STM32H7xx_HAL_Driver/Src/stm32h7xx_hal_i2c.o
 .text.I2C_ITSlaveSeqCplt
                0x00000000080062ae       0xb8 ./Drivers/STM32H7xx_HAL_Driver/Src/stm32h7xx_hal_i2c.o
 *fill*         0x0000000008006366        0x2 
 .text.I2C_ITSlaveCplt
                0x0000000008006368      0x3ec ./Drivers/STM32H7xx_HAL_Driver/Src/stm32h7xx_hal_i2c.o
 .text.I2C_ITListenCplt
                0x0000000008006754       0xa8 ./Drivers/STM32H7xx_HAL_Driver/Src/stm32h7xx_hal_i2c.o
 .text.I2C_ITError
                0x00000000080067fc      0x1e0 ./Drivers/STM32H7xx_HAL_Driver/Src/stm32h7xx_hal_i2c.o
 .text.I2C_TreatErrorCallback
                0x00000000080069dc       0x4e ./Drivers/STM32H7xx_HAL_Driver/Src/stm32h7xx_hal_i2c.o
 .text.I2C_Flush_TXDR
                0x0000000008006a2a       0x48 ./Drivers/STM32H7xx_HAL_Driver/Src/stm32h7xx_hal_i2c.o
 .text.I2C_DMAAbort
                0x0000000008006a72       0x3c ./Drivers/STM32H7xx_HAL_Driver/Src/stm32h7xx_hal_i2c.o
 .text.I2C_WaitOnFlagUntilTimeout
                0x0000000008006aae       0x9e ./Drivers/STM32H7xx_HAL_Driver/Src/stm32h7xx_hal_i2c.o
 .text.I2C_WaitOnTXISFlagUntilTimeout
                0x0000000008006b4c       0x8e ./Drivers/STM32H7xx_HAL_Driver/Src/stm32h7xx_hal_i2c.o
 .text.I2C_WaitOnSTOPFlagUntilTimeout
                0x0000000008006bda       0x86 ./Drivers/STM32H7xx_HAL_Driver/Src/stm32h7xx_hal_i2c.o
 .text.I2C_WaitOnRXNEFlagUntilTimeout
                0x0000000008006c60      0x104 ./Drivers/STM32H7xx_HAL_Driver/Src/stm32h7xx_hal_i2c.o
 .text.I2C_IsErrorOccurred
                0x0000000008006d64      0x1c0 ./Drivers/STM32H7xx_HAL_Driver/Src/stm32h7xx_hal_i2c.o
 .text.I2C_TransferConfig
                0x0000000008006f24       0x64 ./Drivers/STM32H7xx_HAL_Driver/Src/stm32h7xx_hal_i2c.o
 .text.I2C_Disable_IRQ
                0x0000000008006f88       0xbc ./Drivers/STM32H7xx_HAL_Driver/Src/stm32h7xx_hal_i2c.o
 .text.HAL_I2CEx_ConfigAnalogFilter
                0x0000000008007044       0x96 ./Drivers/STM32H7xx_HAL_Driver/Src/stm32h7xx_hal_i2c_ex.o
                0x0000000008007044                HAL_I2CEx_ConfigAnalogFilter
 .text.HAL_I2CEx_ConfigDigitalFilter
                0x00000000080070da       0x98 ./Drivers/STM32H7xx_HAL_Driver/Src/stm32h7xx_hal_i2c_ex.o
                0x00000000080070da                HAL_I2CEx_ConfigDigitalFilter
 *fill*         0x0000000008007172        0x2 
 .text.HAL_PWREx_ConfigSupply
                0x0000000008007174       0x74 ./Drivers/STM32H7xx_HAL_Driver/Src/stm32h7xx_hal_pwr_ex.o
                0x0000000008007174                HAL_PWREx_ConfigSupply
 .text.HAL_RCC_OscConfig
                0x00000000080071e8      0x8b4 ./Drivers/STM32H7xx_HAL_Driver/Src/stm32h7xx_hal_rcc.o
                0x00000000080071e8                HAL_RCC_OscConfig
 .text.HAL_RCC_ClockConfig
                0x0000000008007a9c      0x36c ./Drivers/STM32H7xx_HAL_Driver/Src/stm32h7xx_hal_rcc.o
                0x0000000008007a9c                HAL_RCC_ClockConfig
 .text.HAL_RCC_GetSysClockFreq
                0x0000000008007e08      0x2f4 ./Drivers/STM32H7xx_HAL_Driver/Src/stm32h7xx_hal_rcc.o
                0x0000000008007e08                HAL_RCC_GetSysClockFreq
 .text.HAL_RCC_GetHCLKFreq
                0x00000000080080fc       0x60 ./Drivers/STM32H7xx_HAL_Driver/Src/stm32h7xx_hal_rcc.o
                0x00000000080080fc                HAL_RCC_GetHCLKFreq
 .text.HAL_RCC_GetPCLK1Freq
                0x000000000800815c       0x2c ./Drivers/STM32H7xx_HAL_Driver/Src/stm32h7xx_hal_rcc.o
                0x000000000800815c                HAL_RCC_GetPCLK1Freq
 .text.HAL_RCCEx_PeriphCLKConfig
                0x0000000008008188     0x1414 ./Drivers/STM32H7xx_HAL_Driver/Src/stm32h7xx_hal_rcc_ex.o
                0x0000000008008188                HAL_RCCEx_PeriphCLKConfig
 .text.HAL_RCCEx_GetPeriphCLKFreq
                0x000000000800959c      0xb00 ./Drivers/STM32H7xx_HAL_Driver/Src/stm32h7xx_hal_rcc_ex.o
                0x000000000800959c                HAL_RCCEx_GetPeriphCLKFreq
 .text.HAL_RCCEx_GetD3PCLK1Freq
                0x000000000800a09c       0x2c ./Drivers/STM32H7xx_HAL_Driver/Src/stm32h7xx_hal_rcc_ex.o
                0x000000000800a09c                HAL_RCCEx_GetD3PCLK1Freq
 .text.HAL_RCCEx_GetPLL2ClockFreq
                0x000000000800a0c8      0x2a8 ./Drivers/STM32H7xx_HAL_Driver/Src/stm32h7xx_hal_rcc_ex.o
                0x000000000800a0c8                HAL_RCCEx_GetPLL2ClockFreq
 .text.HAL_RCCEx_GetPLL3ClockFreq
                0x000000000800a370      0x2a8 ./Drivers/STM32H7xx_HAL_Driver/Src/stm32h7xx_hal_rcc_ex.o
                0x000000000800a370                HAL_RCCEx_GetPLL3ClockFreq
 .text.HAL_RCCEx_GetPLL1ClockFreq
                0x000000000800a618      0x2a4 ./Drivers/STM32H7xx_HAL_Driver/Src/stm32h7xx_hal_rcc_ex.o
                0x000000000800a618                HAL_RCCEx_GetPLL1ClockFreq
 .text.RCCEx_PLL2_Config
                0x000000000800a8bc      0x164 ./Drivers/STM32H7xx_HAL_Driver/Src/stm32h7xx_hal_rcc_ex.o
 .text.RCCEx_PLL3_Config
                0x000000000800aa20      0x164 ./Drivers/STM32H7xx_HAL_Driver/Src/stm32h7xx_hal_rcc_ex.o
 .text.HAL_TIM_Base_Init
                0x000000000800ab84       0xae ./Drivers/STM32H7xx_HAL_Driver/Src/stm32h7xx_hal_tim.o
                0x000000000800ab84                HAL_TIM_Base_Init
 *fill*         0x000000000800ac32        0x2 
 .text.HAL_TIM_Base_Start_IT
                0x000000000800ac34       0xf0 ./Drivers/STM32H7xx_HAL_Driver/Src/stm32h7xx_hal_tim.o
                0x000000000800ac34                HAL_TIM_Base_Start_IT
 .text.HAL_TIM_IRQHandler
                0x000000000800ad24      0x23e ./Drivers/STM32H7xx_HAL_Driver/Src/stm32h7xx_hal_tim.o
                0x000000000800ad24                HAL_TIM_IRQHandler
 *fill*         0x000000000800af62        0x2 
 .text.HAL_TIM_ConfigClockSource
                0x000000000800af64      0x1f0 ./Drivers/STM32H7xx_HAL_Driver/Src/stm32h7xx_hal_tim.o
                0x000000000800af64                HAL_TIM_ConfigClockSource
 .text.HAL_TIM_OC_DelayElapsedCallback
                0x000000000800b154       0x14 ./Drivers/STM32H7xx_HAL_Driver/Src/stm32h7xx_hal_tim.o
                0x000000000800b154                HAL_TIM_OC_DelayElapsedCallback
 .text.HAL_TIM_IC_CaptureCallback
                0x000000000800b168       0x14 ./Drivers/STM32H7xx_HAL_Driver/Src/stm32h7xx_hal_tim.o
                0x000000000800b168                HAL_TIM_IC_CaptureCallback
 .text.HAL_TIM_PWM_PulseFinishedCallback
                0x000000000800b17c       0x14 ./Drivers/STM32H7xx_HAL_Driver/Src/stm32h7xx_hal_tim.o
                0x000000000800b17c                HAL_TIM_PWM_PulseFinishedCallback
 .text.HAL_TIM_TriggerCallback
                0x000000000800b190       0x14 ./Drivers/STM32H7xx_HAL_Driver/Src/stm32h7xx_hal_tim.o
                0x000000000800b190                HAL_TIM_TriggerCallback
 .text.TIM_Base_SetConfig
                0x000000000800b1a4      0x134 ./Drivers/STM32H7xx_HAL_Driver/Src/stm32h7xx_hal_tim.o
                0x000000000800b1a4                TIM_Base_SetConfig
 .text.TIM_TI1_ConfigInputStage
                0x000000000800b2d8       0x5e ./Drivers/STM32H7xx_HAL_Driver/Src/stm32h7xx_hal_tim.o
 .text.TIM_TI2_ConfigInputStage
                0x000000000800b336       0x60 ./Drivers/STM32H7xx_HAL_Driver/Src/stm32h7xx_hal_tim.o
 *fill*         0x000000000800b396        0x2 
 .text.TIM_ITRx_SetConfig
                0x000000000800b398       0x3c ./Drivers/STM32H7xx_HAL_Driver/Src/stm32h7xx_hal_tim.o
 .text.TIM_ETR_SetConfig
                0x000000000800b3d4       0x40 ./Drivers/STM32H7xx_HAL_Driver/Src/stm32h7xx_hal_tim.o
                0x000000000800b3d4                TIM_ETR_SetConfig
 .text.HAL_TIMEx_MasterConfigSynchronization
                0x000000000800b414      0x11c ./Drivers/STM32H7xx_HAL_Driver/Src/stm32h7xx_hal_tim_ex.o
                0x000000000800b414                HAL_TIMEx_MasterConfigSynchronization
 .text.HAL_TIMEx_CommutCallback
                0x000000000800b530       0x14 ./Drivers/STM32H7xx_HAL_Driver/Src/stm32h7xx_hal_tim_ex.o
                0x000000000800b530                HAL_TIMEx_CommutCallback
 .text.HAL_TIMEx_BreakCallback
                0x000000000800b544       0x14 ./Drivers/STM32H7xx_HAL_Driver/Src/stm32h7xx_hal_tim_ex.o
                0x000000000800b544                HAL_TIMEx_BreakCallback
 .text.HAL_TIMEx_Break2Callback
                0x000000000800b558       0x14 ./Drivers/STM32H7xx_HAL_Driver/Src/stm32h7xx_hal_tim_ex.o
                0x000000000800b558                HAL_TIMEx_Break2Callback
 .text.memset   0x000000000800b56c       0x10 C:/ST/STM32CubeIDE_1.14.1/STM32CubeIDE/plugins/com.st.stm32cube.ide.mcu.externaltools.gnu-tools-for-stm32.11.3.rel1.win32_1.1.100.202309141235/tools/bin/../lib/gcc/arm-none-eabi/11.3.1/../../../../arm-none-eabi/lib/thumb/v7e-m+dp/hard\libc_nano.a(libc_a-memset.o)
                0x000000000800b56c                memset
 .text.__libc_init_array
                0x000000000800b57c       0x48 C:/ST/STM32CubeIDE_1.14.1/STM32CubeIDE/plugins/com.st.stm32cube.ide.mcu.externaltools.gnu-tools-for-stm32.11.3.rel1.win32_1.1.100.202309141235/tools/bin/../lib/gcc/arm-none-eabi/11.3.1/../../../../arm-none-eabi/lib/thumb/v7e-m+dp/hard\libc_nano.a(libc_a-init.o)
                0x000000000800b57c                __libc_init_array
 .text.memcpy   0x000000000800b5c4       0x1c C:/ST/STM32CubeIDE_1.14.1/STM32CubeIDE/plugins/com.st.stm32cube.ide.mcu.externaltools.gnu-tools-for-stm32.11.3.rel1.win32_1.1.100.202309141235/tools/bin/../lib/gcc/arm-none-eabi/11.3.1/../../../../arm-none-eabi/lib/thumb/v7e-m+dp/hard\libc_nano.a(libc_a-memcpy-stub.o)
                0x000000000800b5c4                memcpy
 *(.glue_7)
 .glue_7        0x000000000800b5e0        0x0 linker stubs
 *(.glue_7t)
 .glue_7t       0x000000000800b5e0        0x0 linker stubs
 *(.eh_frame)
 .eh_frame      0x000000000800b5e0        0x0 C:/ST/STM32CubeIDE_1.14.1/STM32CubeIDE/plugins/com.st.stm32cube.ide.mcu.externaltools.gnu-tools-for-stm32.11.3.rel1.win32_1.1.100.202309141235/tools/bin/../lib/gcc/arm-none-eabi/11.3.1/thumb/v7e-m+dp/hard/crtbegin.o
 *(.init)
 .init          0x000000000800b5e0        0x4 C:/ST/STM32CubeIDE_1.14.1/STM32CubeIDE/plugins/com.st.stm32cube.ide.mcu.externaltools.gnu-tools-for-stm32.11.3.rel1.win32_1.1.100.202309141235/tools/bin/../lib/gcc/arm-none-eabi/11.3.1/thumb/v7e-m+dp/hard/crti.o
                0x000000000800b5e0                _init
 .init          0x000000000800b5e4        0x8 C:/ST/STM32CubeIDE_1.14.1/STM32CubeIDE/plugins/com.st.stm32cube.ide.mcu.externaltools.gnu-tools-for-stm32.11.3.rel1.win32_1.1.100.202309141235/tools/bin/../lib/gcc/arm-none-eabi/11.3.1/thumb/v7e-m+dp/hard/crtn.o
 *(.fini)
 .fini          0x000000000800b5ec        0x4 C:/ST/STM32CubeIDE_1.14.1/STM32CubeIDE/plugins/com.st.stm32cube.ide.mcu.externaltools.gnu-tools-for-stm32.11.3.rel1.win32_1.1.100.202309141235/tools/bin/../lib/gcc/arm-none-eabi/11.3.1/thumb/v7e-m+dp/hard/crti.o
                0x000000000800b5ec                _fini
 .fini          0x000000000800b5f0        0x8 C:/ST/STM32CubeIDE_1.14.1/STM32CubeIDE/plugins/com.st.stm32cube.ide.mcu.externaltools.gnu-tools-for-stm32.11.3.rel1.win32_1.1.100.202309141235/tools/bin/../lib/gcc/arm-none-eabi/11.3.1/thumb/v7e-m+dp/hard/crtn.o
                0x000000000800b5f8                . = ALIGN (0x4)
                0x000000000800b5f8                _etext = .

.vfp11_veneer   0x000000000800b5f8        0x0
 .vfp11_veneer  0x000000000800b5f8        0x0 linker stubs

.v4_bx          0x000000000800b5f8        0x0
 .v4_bx         0x000000000800b5f8        0x0 linker stubs

.iplt           0x000000000800b5f8        0x0
 .iplt          0x000000000800b5f8        0x0 C:/ST/STM32CubeIDE_1.14.1/STM32CubeIDE/plugins/com.st.stm32cube.ide.mcu.externaltools.gnu-tools-for-stm32.11.3.rel1.win32_1.1.100.202309141235/tools/bin/../lib/gcc/arm-none-eabi/11.3.1/thumb/v7e-m+dp/hard/crtbegin.o

.rodata         0x000000000800b5f8       0x18
                0x000000000800b5f8                . = ALIGN (0x4)
 *(.rodata)
 *(.rodata*)
 .rodata.D1CorePrescTable
                0x000000000800b5f8       0x10 ./Core/Src/system_stm32h7xx.o
                0x000000000800b5f8                D1CorePrescTable
 .rodata.flagBitshiftOffset.0
                0x000000000800b608        0x8 ./Drivers/STM32H7xx_HAL_Driver/Src/stm32h7xx_hal_dma.o
                0x000000000800b610                . = ALIGN (0x4)

.rel.dyn        0x000000000800b610        0x0
 .rel.iplt      0x000000000800b610        0x0 C:/ST/STM32CubeIDE_1.14.1/STM32CubeIDE/plugins/com.st.stm32cube.ide.mcu.externaltools.gnu-tools-for-stm32.11.3.rel1.win32_1.1.100.202309141235/tools/bin/../lib/gcc/arm-none-eabi/11.3.1/thumb/v7e-m+dp/hard/crtbegin.o

.ARM.extab
 *(.ARM.extab* .gnu.linkonce.armextab.*)

.ARM            0x000000000800b610        0x0
                0x000000000800b610                __exidx_start = .
 *(.ARM.exidx*)
                0x000000000800b610                __exidx_end = .

.preinit_array  0x000000000800b610        0x0
                0x000000000800b610                PROVIDE (__preinit_array_start = .)
 *(.preinit_array*)
                0x000000000800b610                PROVIDE (__preinit_array_end = .)

.init_array     0x000000000800b610        0x4
                0x000000000800b610                PROVIDE (__init_array_start = .)
 *(SORT_BY_NAME(.init_array.*))
 *(.init_array*)
 .init_array    0x000000000800b610        0x4 C:/ST/STM32CubeIDE_1.14.1/STM32CubeIDE/plugins/com.st.stm32cube.ide.mcu.externaltools.gnu-tools-for-stm32.11.3.rel1.win32_1.1.100.202309141235/tools/bin/../lib/gcc/arm-none-eabi/11.3.1/thumb/v7e-m+dp/hard/crtbegin.o
                0x000000000800b614                PROVIDE (__init_array_end = .)

.fini_array     0x000000000800b614        0x4
                [!provide]                        PROVIDE (__fini_array_start = .)
 *(SORT_BY_NAME(.fini_array.*))
 *(.fini_array*)
 .fini_array    0x000000000800b614        0x4 C:/ST/STM32CubeIDE_1.14.1/STM32CubeIDE/plugins/com.st.stm32cube.ide.mcu.externaltools.gnu-tools-for-stm32.11.3.rel1.win32_1.1.100.202309141235/tools/bin/../lib/gcc/arm-none-eabi/11.3.1/thumb/v7e-m+dp/hard/crtbegin.o
                [!provide]                        PROVIDE (__fini_array_end = .)
                0x000000000800b618                _sidata = LOADADDR (.data)

.data           0x0000000024000000       0x14 load address 0x000000000800b618
                0x0000000024000000                . = ALIGN (0x4)
                0x0000000024000000                _sdata = .
 *(.data)
 *(.data*)
 .data.adc_channel_count
                0x0000000024000000        0x4 ./Core/Src/main.o
                0x0000000024000000                adc_channel_count
 .data.SystemCoreClock
                0x0000000024000004        0x4 ./Core/Src/system_stm32h7xx.o
                0x0000000024000004                SystemCoreClock
 .data.SystemD2Clock
                0x0000000024000008        0x4 ./Core/Src/system_stm32h7xx.o
                0x0000000024000008                SystemD2Clock
 .data.uwTickPrio
                0x000000002400000c        0x4 ./Drivers/STM32H7xx_HAL_Driver/Src/stm32h7xx_hal.o
                0x000000002400000c                uwTickPrio
 .data.uwTickFreq
                0x0000000024000010        0x1 ./Drivers/STM32H7xx_HAL_Driver/Src/stm32h7xx_hal.o
                0x0000000024000010                uwTickFreq
 *(.RamFunc)
 *(.RamFunc*)
                0x0000000024000014                . = ALIGN (0x4)
 *fill*         0x0000000024000011        0x3 
                0x0000000024000014                _edata = .

.igot.plt       0x0000000024000014        0x0 load address 0x000000000800b62c
 .igot.plt      0x0000000024000014        0x0 C:/ST/STM32CubeIDE_1.14.1/STM32CubeIDE/plugins/com.st.stm32cube.ide.mcu.externaltools.gnu-tools-for-stm32.11.3.rel1.win32_1.1.100.202309141235/tools/bin/../lib/gcc/arm-none-eabi/11.3.1/thumb/v7e-m+dp/hard/crtbegin.o
                0x0000000024000014                . = ALIGN (0x4)

.bss            0x0000000024000014      0x33c load address 0x000000000800b62c
                0x0000000024000014                _sbss = .
                0x0000000024000014                __bss_start__ = _sbss
 *(.bss)
 .bss           0x0000000024000014       0x1c C:/ST/STM32CubeIDE_1.14.1/STM32CubeIDE/plugins/com.st.stm32cube.ide.mcu.externaltools.gnu-tools-for-stm32.11.3.rel1.win32_1.1.100.202309141235/tools/bin/../lib/gcc/arm-none-eabi/11.3.1/thumb/v7e-m+dp/hard/crtbegin.o
 *(.bss*)
 .bss.hadc1     0x0000000024000030       0x64 ./Core/Src/main.o
                0x0000000024000030                hadc1
 .bss.hdma_adc1
                0x0000000024000094       0x78 ./Core/Src/main.o
                0x0000000024000094                hdma_adc1
 .bss.hi2c1     0x000000002400010c       0x54 ./Core/Src/main.o
                0x000000002400010c                hi2c1
 .bss.htim4     0x0000000024000160       0x4c ./Core/Src/main.o
                0x0000000024000160                htim4
 .bss.ret       0x00000000240001ac        0x1 ./Core/Src/main.o
                0x00000000240001ac                ret
 *fill*         0x00000000240001ad        0x3 
 .bss.adc_dma_result
                0x00000000240001b0      0x190 ./Core/Src/main.o
                0x00000000240001b0                adc_dma_result
 .bss.adc_conv_complete_flag
                0x0000000024000340        0x1 ./Core/Src/main.o
                0x0000000024000340                adc_conv_complete_flag
 *fill*         0x0000000024000341        0x3 
 .bss.piston1   0x0000000024000344        0x4 ./Core/Src/main.o
 .bss.value     0x0000000024000348        0x2 ./Core/Src/main.o
                0x0000000024000348                value
 *fill*         0x000000002400034a        0x2 
 .bss.uwTick    0x000000002400034c        0x4 ./Drivers/STM32H7xx_HAL_Driver/Src/stm32h7xx_hal.o
                0x000000002400034c                uwTick
 *(COMMON)
                0x0000000024000350                . = ALIGN (0x4)
                0x0000000024000350                _ebss = .
                0x0000000024000350                __bss_end__ = _ebss

._user_heap_stack
                0x0000000024000350      0x600 load address 0x000000000800b62c
                0x0000000024000350                . = ALIGN (0x8)
                [!provide]                        PROVIDE (end = .)
                0x0000000024000350                PROVIDE (_end = .)
                0x0000000024000550                . = (. + _Min_Heap_Size)
 *fill*         0x0000000024000350      0x200 
                0x0000000024000950                . = (. + _Min_Stack_Size)
 *fill*         0x0000000024000550      0x400 
                0x0000000024000950                . = ALIGN (0x8)

/DISCARD/
 libc.a(*)
 libm.a(*)
 libgcc.a(*)

.ARM.attributes
                0x0000000000000000       0x2e
 *(.ARM.attributes)
 .ARM.attributes
                0x0000000000000000       0x1e C:/ST/STM32CubeIDE_1.14.1/STM32CubeIDE/plugins/com.st.stm32cube.ide.mcu.externaltools.gnu-tools-for-stm32.11.3.rel1.win32_1.1.100.202309141235/tools/bin/../lib/gcc/arm-none-eabi/11.3.1/thumb/v7e-m+dp/hard/crti.o
 .ARM.attributes
                0x000000000000001e       0x32 C:/ST/STM32CubeIDE_1.14.1/STM32CubeIDE/plugins/com.st.stm32cube.ide.mcu.externaltools.gnu-tools-for-stm32.11.3.rel1.win32_1.1.100.202309141235/tools/bin/../lib/gcc/arm-none-eabi/11.3.1/thumb/v7e-m+dp/hard/crtbegin.o
 .ARM.attributes
                0x0000000000000050       0x32 ./Core/Src/main.o
 .ARM.attributes
                0x0000000000000082       0x32 ./Core/Src/stm32h7xx_hal_msp.o
 .ARM.attributes
                0x00000000000000b4       0x32 ./Core/Src/stm32h7xx_it.o
 .ARM.attributes
                0x00000000000000e6       0x32 ./Core/Src/system_stm32h7xx.o
 .ARM.attributes
                0x0000000000000118       0x21 ./Core/Startup/startup_stm32h743zitx.o
 .ARM.attributes
                0x0000000000000139       0x32 ./Drivers/STM32H7xx_HAL_Driver/Src/stm32h7xx_hal.o
 .ARM.attributes
                0x000000000000016b       0x32 ./Drivers/STM32H7xx_HAL_Driver/Src/stm32h7xx_hal_adc.o
 .ARM.attributes
                0x000000000000019d       0x32 ./Drivers/STM32H7xx_HAL_Driver/Src/stm32h7xx_hal_adc_ex.o
 .ARM.attributes
                0x00000000000001cf       0x32 ./Drivers/STM32H7xx_HAL_Driver/Src/stm32h7xx_hal_cortex.o
 .ARM.attributes
                0x0000000000000201       0x32 ./Drivers/STM32H7xx_HAL_Driver/Src/stm32h7xx_hal_dma.o
 .ARM.attributes
                0x0000000000000233       0x32 ./Drivers/STM32H7xx_HAL_Driver/Src/stm32h7xx_hal_gpio.o
 .ARM.attributes
                0x0000000000000265       0x32 ./Drivers/STM32H7xx_HAL_Driver/Src/stm32h7xx_hal_i2c.o
 .ARM.attributes
                0x0000000000000297       0x32 ./Drivers/STM32H7xx_HAL_Driver/Src/stm32h7xx_hal_i2c_ex.o
 .ARM.attributes
                0x00000000000002c9       0x32 ./Drivers/STM32H7xx_HAL_Driver/Src/stm32h7xx_hal_pwr_ex.o
 .ARM.attributes
                0x00000000000002fb       0x32 ./Drivers/STM32H7xx_HAL_Driver/Src/stm32h7xx_hal_rcc.o
 .ARM.attributes
                0x000000000000032d       0x32 ./Drivers/STM32H7xx_HAL_Driver/Src/stm32h7xx_hal_rcc_ex.o
 .ARM.attributes
                0x000000000000035f       0x32 ./Drivers/STM32H7xx_HAL_Driver/Src/stm32h7xx_hal_tim.o
 .ARM.attributes
                0x0000000000000391       0x32 ./Drivers/STM32H7xx_HAL_Driver/Src/stm32h7xx_hal_tim_ex.o
 .ARM.attributes
                0x00000000000003c3       0x32 C:/ST/STM32CubeIDE_1.14.1/STM32CubeIDE/plugins/com.st.stm32cube.ide.mcu.externaltools.gnu-tools-for-stm32.11.3.rel1.win32_1.1.100.202309141235/tools/bin/../lib/gcc/arm-none-eabi/11.3.1/../../../../arm-none-eabi/lib/thumb/v7e-m+dp/hard\libc_nano.a(libc_a-memset.o)
 .ARM.attributes
                0x00000000000003f5       0x32 C:/ST/STM32CubeIDE_1.14.1/STM32CubeIDE/plugins/com.st.stm32cube.ide.mcu.externaltools.gnu-tools-for-stm32.11.3.rel1.win32_1.1.100.202309141235/tools/bin/../lib/gcc/arm-none-eabi/11.3.1/../../../../arm-none-eabi/lib/thumb/v7e-m+dp/hard\libc_nano.a(libc_a-init.o)
 .ARM.attributes
                0x0000000000000427       0x32 C:/ST/STM32CubeIDE_1.14.1/STM32CubeIDE/plugins/com.st.stm32cube.ide.mcu.externaltools.gnu-tools-for-stm32.11.3.rel1.win32_1.1.100.202309141235/tools/bin/../lib/gcc/arm-none-eabi/11.3.1/../../../../arm-none-eabi/lib/thumb/v7e-m+dp/hard\libc_nano.a(libc_a-memcpy-stub.o)
 .ARM.attributes
                0x0000000000000459       0x1e C:/ST/STM32CubeIDE_1.14.1/STM32CubeIDE/plugins/com.st.stm32cube.ide.mcu.externaltools.gnu-tools-for-stm32.11.3.rel1.win32_1.1.100.202309141235/tools/bin/../lib/gcc/arm-none-eabi/11.3.1/thumb/v7e-m+dp/hard/crtn.o
OUTPUT(trumpet.elf elf32-littlearm)
LOAD linker stubs
LOAD C:/ST/STM32CubeIDE_1.14.1/STM32CubeIDE/plugins/com.st.stm32cube.ide.mcu.externaltools.gnu-tools-for-stm32.11.3.rel1.win32_1.1.100.202309141235/tools/bin/../lib/gcc/arm-none-eabi/11.3.1/../../../../arm-none-eabi/lib/thumb/v7e-m+dp/hard\libc.a
LOAD C:/ST/STM32CubeIDE_1.14.1/STM32CubeIDE/plugins/com.st.stm32cube.ide.mcu.externaltools.gnu-tools-for-stm32.11.3.rel1.win32_1.1.100.202309141235/tools/bin/../lib/gcc/arm-none-eabi/11.3.1/../../../../arm-none-eabi/lib/thumb/v7e-m+dp/hard\libm.a
LOAD C:/ST/STM32CubeIDE_1.14.1/STM32CubeIDE/plugins/com.st.stm32cube.ide.mcu.externaltools.gnu-tools-for-stm32.11.3.rel1.win32_1.1.100.202309141235/tools/bin/../lib/gcc/arm-none-eabi/11.3.1/thumb/v7e-m+dp/hard\libgcc.a

.comment        0x0000000000000000       0x43
 .comment       0x0000000000000000       0x43 C:/ST/STM32CubeIDE_1.14.1/STM32CubeIDE/plugins/com.st.stm32cube.ide.mcu.externaltools.gnu-tools-for-stm32.11.3.rel1.win32_1.1.100.202309141235/tools/bin/../lib/gcc/arm-none-eabi/11.3.1/thumb/v7e-m+dp/hard/crtbegin.o
                                         0x44 (size before relaxing)
 .comment       0x0000000000000043       0x44 ./Core/Src/main.o
 .comment       0x0000000000000043       0x44 ./Core/Src/stm32h7xx_hal_msp.o
 .comment       0x0000000000000043       0x44 ./Core/Src/stm32h7xx_it.o
 .comment       0x0000000000000043       0x44 ./Core/Src/system_stm32h7xx.o
 .comment       0x0000000000000043       0x44 ./Drivers/STM32H7xx_HAL_Driver/Src/stm32h7xx_hal.o
 .comment       0x0000000000000043       0x44 ./Drivers/STM32H7xx_HAL_Driver/Src/stm32h7xx_hal_adc.o
 .comment       0x0000000000000043       0x44 ./Drivers/STM32H7xx_HAL_Driver/Src/stm32h7xx_hal_adc_ex.o
 .comment       0x0000000000000043       0x44 ./Drivers/STM32H7xx_HAL_Driver/Src/stm32h7xx_hal_cortex.o
 .comment       0x0000000000000043       0x44 ./Drivers/STM32H7xx_HAL_Driver/Src/stm32h7xx_hal_dma.o
 .comment       0x0000000000000043       0x44 ./Drivers/STM32H7xx_HAL_Driver/Src/stm32h7xx_hal_gpio.o
 .comment       0x0000000000000043       0x44 ./Drivers/STM32H7xx_HAL_Driver/Src/stm32h7xx_hal_i2c.o
 .comment       0x0000000000000043       0x44 ./Drivers/STM32H7xx_HAL_Driver/Src/stm32h7xx_hal_i2c_ex.o
 .comment       0x0000000000000043       0x44 ./Drivers/STM32H7xx_HAL_Driver/Src/stm32h7xx_hal_pwr_ex.o
 .comment       0x0000000000000043       0x44 ./Drivers/STM32H7xx_HAL_Driver/Src/stm32h7xx_hal_rcc.o
 .comment       0x0000000000000043       0x44 ./Drivers/STM32H7xx_HAL_Driver/Src/stm32h7xx_hal_rcc_ex.o
 .comment       0x0000000000000043       0x44 ./Drivers/STM32H7xx_HAL_Driver/Src/stm32h7xx_hal_tim.o
 .comment       0x0000000000000043       0x44 ./Drivers/STM32H7xx_HAL_Driver/Src/stm32h7xx_hal_tim_ex.o

.debug_info     0x0000000000000000    0x17f7b
 .debug_info    0x0000000000000000     0x2427 ./Core/Src/main.o
 .debug_info    0x0000000000002427     0x1d52 ./Core/Src/stm32h7xx_hal_msp.o
 .debug_info    0x0000000000004179     0x1078 ./Core/Src/stm32h7xx_it.o
 .debug_info    0x00000000000051f1      0xcef ./Core/Src/system_stm32h7xx.o
 .debug_info    0x0000000000005ee0       0x23 ./Core/Startup/startup_stm32h743zitx.o
 .debug_info    0x0000000000005f03     0x153b ./Drivers/STM32H7xx_HAL_Driver/Src/stm32h7xx_hal.o
 .debug_info    0x000000000000743e     0x1ed3 ./Drivers/STM32H7xx_HAL_Driver/Src/stm32h7xx_hal_adc.o
 .debug_info    0x0000000000009311     0x1fee ./Drivers/STM32H7xx_HAL_Driver/Src/stm32h7xx_hal_adc_ex.o
 .debug_info    0x000000000000b2ff     0x1060 ./Drivers/STM32H7xx_HAL_Driver/Src/stm32h7xx_hal_cortex.o
 .debug_info    0x000000000000c35f      0xc27 ./Drivers/STM32H7xx_HAL_Driver/Src/stm32h7xx_hal_dma.o
 .debug_info    0x000000000000cf86      0xc4b ./Drivers/STM32H7xx_HAL_Driver/Src/stm32h7xx_hal_gpio.o
 .debug_info    0x000000000000dbd1     0x222b ./Drivers/STM32H7xx_HAL_Driver/Src/stm32h7xx_hal_i2c.o
 .debug_info    0x000000000000fdfc      0xd90 ./Drivers/STM32H7xx_HAL_Driver/Src/stm32h7xx_hal_i2c_ex.o
 .debug_info    0x0000000000010b8c     0x1008 ./Drivers/STM32H7xx_HAL_Driver/Src/stm32h7xx_hal_pwr_ex.o
 .debug_info    0x0000000000011b94      0xe5b ./Drivers/STM32H7xx_HAL_Driver/Src/stm32h7xx_hal_rcc.o
 .debug_info    0x00000000000129ef     0x1216 ./Drivers/STM32H7xx_HAL_Driver/Src/stm32h7xx_hal_rcc_ex.o
 .debug_info    0x0000000000013c05     0x2b8b ./Drivers/STM32H7xx_HAL_Driver/Src/stm32h7xx_hal_tim.o
 .debug_info    0x0000000000016790     0x17eb ./Drivers/STM32H7xx_HAL_Driver/Src/stm32h7xx_hal_tim_ex.o

.debug_abbrev   0x0000000000000000     0x2a26
 .debug_abbrev  0x0000000000000000      0x368 ./Core/Src/main.o
 .debug_abbrev  0x0000000000000368      0x27a ./Core/Src/stm32h7xx_hal_msp.o
 .debug_abbrev  0x00000000000005e2      0x1ca ./Core/Src/stm32h7xx_it.o
 .debug_abbrev  0x00000000000007ac      0x14c ./Core/Src/system_stm32h7xx.o
 .debug_abbrev  0x00000000000008f8       0x12 ./Core/Startup/startup_stm32h743zitx.o
 .debug_abbrev  0x000000000000090a      0x295 ./Drivers/STM32H7xx_HAL_Driver/Src/stm32h7xx_hal.o
 .debug_abbrev  0x0000000000000b9f      0x2d3 ./Drivers/STM32H7xx_HAL_Driver/Src/stm32h7xx_hal_adc.o
 .debug_abbrev  0x0000000000000e72      0x31b ./Drivers/STM32H7xx_HAL_Driver/Src/stm32h7xx_hal_adc_ex.o
 .debug_abbrev  0x000000000000118d      0x339 ./Drivers/STM32H7xx_HAL_Driver/Src/stm32h7xx_hal_cortex.o
 .debug_abbrev  0x00000000000014c6      0x248 ./Drivers/STM32H7xx_HAL_Driver/Src/stm32h7xx_hal_dma.o
 .debug_abbrev  0x000000000000170e      0x1fe ./Drivers/STM32H7xx_HAL_Driver/Src/stm32h7xx_hal_gpio.o
 .debug_abbrev  0x000000000000190c      0x256 ./Drivers/STM32H7xx_HAL_Driver/Src/stm32h7xx_hal_i2c.o
 .debug_abbrev  0x0000000000001b62      0x1f5 ./Drivers/STM32H7xx_HAL_Driver/Src/stm32h7xx_hal_i2c_ex.o
 .debug_abbrev  0x0000000000001d57      0x2a7 ./Drivers/STM32H7xx_HAL_Driver/Src/stm32h7xx_hal_pwr_ex.o
 .debug_abbrev  0x0000000000001ffe      0x2c8 ./Drivers/STM32H7xx_HAL_Driver/Src/stm32h7xx_hal_rcc.o
 .debug_abbrev  0x00000000000022c6      0x269 ./Drivers/STM32H7xx_HAL_Driver/Src/stm32h7xx_hal_rcc_ex.o
 .debug_abbrev  0x000000000000252f      0x276 ./Drivers/STM32H7xx_HAL_Driver/Src/stm32h7xx_hal_tim.o
 .debug_abbrev  0x00000000000027a5      0x281 ./Drivers/STM32H7xx_HAL_Driver/Src/stm32h7xx_hal_tim_ex.o

.debug_aranges  0x0000000000000000     0x1480
 .debug_aranges
                0x0000000000000000       0x80 ./Core/Src/main.o
 .debug_aranges
                0x0000000000000080       0x50 ./Core/Src/stm32h7xx_hal_msp.o
 .debug_aranges
                0x00000000000000d0       0x88 ./Core/Src/stm32h7xx_it.o
 .debug_aranges
                0x0000000000000158       0x28 ./Core/Src/system_stm32h7xx.o
 .debug_aranges
                0x0000000000000180       0x28 ./Core/Startup/startup_stm32h743zitx.o
 .debug_aranges
                0x00000000000001a8      0x198 ./Drivers/STM32H7xx_HAL_Driver/Src/stm32h7xx_hal.o
 .debug_aranges
                0x0000000000000340      0x228 ./Drivers/STM32H7xx_HAL_Driver/Src/stm32h7xx_hal_adc.o
 .debug_aranges
                0x0000000000000568      0x1d8 ./Drivers/STM32H7xx_HAL_Driver/Src/stm32h7xx_hal_adc_ex.o
 .debug_aranges
                0x0000000000000740      0x120 ./Drivers/STM32H7xx_HAL_Driver/Src/stm32h7xx_hal_cortex.o
 .debug_aranges
                0x0000000000000860       0xa0 ./Drivers/STM32H7xx_HAL_Driver/Src/stm32h7xx_hal_dma.o
 .debug_aranges
                0x0000000000000900       0x58 ./Drivers/STM32H7xx_HAL_Driver/Src/stm32h7xx_hal_gpio.o
 .debug_aranges
                0x0000000000000958      0x2a0 ./Drivers/STM32H7xx_HAL_Driver/Src/stm32h7xx_hal_i2c.o
 .debug_aranges
                0x0000000000000bf8       0x48 ./Drivers/STM32H7xx_HAL_Driver/Src/stm32h7xx_hal_i2c_ex.o
 .debug_aranges
                0x0000000000000c40      0x158 ./Drivers/STM32H7xx_HAL_Driver/Src/stm32h7xx_hal_pwr_ex.o
 .debug_aranges
                0x0000000000000d98       0x88 ./Drivers/STM32H7xx_HAL_Driver/Src/stm32h7xx_hal_rcc.o
 .debug_aranges
                0x0000000000000e20       0xf8 ./Drivers/STM32H7xx_HAL_Driver/Src/stm32h7xx_hal_rcc_ex.o
 .debug_aranges
                0x0000000000000f18      0x3e0 ./Drivers/STM32H7xx_HAL_Driver/Src/stm32h7xx_hal_tim.o
 .debug_aranges
                0x00000000000012f8      0x188 ./Drivers/STM32H7xx_HAL_Driver/Src/stm32h7xx_hal_tim_ex.o

.debug_rnglists
                0x0000000000000000      0xffd
 .debug_rnglists
                0x0000000000000000       0x61 ./Core/Src/main.o
 .debug_rnglists
                0x0000000000000061       0x39 ./Core/Src/stm32h7xx_hal_msp.o
 .debug_rnglists
                0x000000000000009a       0x61 ./Core/Src/stm32h7xx_it.o
 .debug_rnglists
                0x00000000000000fb       0x1b ./Core/Src/system_stm32h7xx.o
 .debug_rnglists
                0x0000000000000116       0x19 ./Core/Startup/startup_stm32h743zitx.o
 .debug_rnglists
                0x000000000000012f      0x131 ./Drivers/STM32H7xx_HAL_Driver/Src/stm32h7xx_hal.o
 .debug_rnglists
                0x0000000000000260      0x1a9 ./Drivers/STM32H7xx_HAL_Driver/Src/stm32h7xx_hal_adc.o
 .debug_rnglists
                0x0000000000000409      0x16f ./Drivers/STM32H7xx_HAL_Driver/Src/stm32h7xx_hal_adc_ex.o
 .debug_rnglists
                0x0000000000000578       0xd4 ./Drivers/STM32H7xx_HAL_Driver/Src/stm32h7xx_hal_cortex.o
 .debug_rnglists
                0x000000000000064c       0x82 ./Drivers/STM32H7xx_HAL_Driver/Src/stm32h7xx_hal_dma.o
 .debug_rnglists
                0x00000000000006ce       0x3f ./Drivers/STM32H7xx_HAL_Driver/Src/stm32h7xx_hal_gpio.o
 .debug_rnglists
                0x000000000000070d      0x22a ./Drivers/STM32H7xx_HAL_Driver/Src/stm32h7xx_hal_i2c.o
 .debug_rnglists
                0x0000000000000937       0x35 ./Drivers/STM32H7xx_HAL_Driver/Src/stm32h7xx_hal_i2c_ex.o
 .debug_rnglists
                0x000000000000096c      0x102 ./Drivers/STM32H7xx_HAL_Driver/Src/stm32h7xx_hal_pwr_ex.o
 .debug_rnglists
                0x0000000000000a6e       0x68 ./Drivers/STM32H7xx_HAL_Driver/Src/stm32h7xx_hal_rcc.o
 .debug_rnglists
                0x0000000000000ad6       0xc0 ./Drivers/STM32H7xx_HAL_Driver/Src/stm32h7xx_hal_rcc_ex.o
 .debug_rnglists
                0x0000000000000b96      0x328 ./Drivers/STM32H7xx_HAL_Driver/Src/stm32h7xx_hal_tim.o
 .debug_rnglists
                0x0000000000000ebe      0x13f ./Drivers/STM32H7xx_HAL_Driver/Src/stm32h7xx_hal_tim_ex.o

.debug_macro    0x0000000000000000    0x3871b
 .debug_macro   0x0000000000000000      0x2ff ./Core/Src/main.o
 .debug_macro   0x00000000000002ff      0xac0 ./Core/Src/main.o
 .debug_macro   0x0000000000000dbf      0x238 ./Core/Src/main.o
 .debug_macro   0x0000000000000ff7       0x2e ./Core/Src/main.o
 .debug_macro   0x0000000000001025       0x3b ./Core/Src/main.o
 .debug_macro   0x0000000000001060       0x22 ./Core/Src/main.o
 .debug_macro   0x0000000000001082       0x8e ./Core/Src/main.o
 .debug_macro   0x0000000000001110       0x51 ./Core/Src/main.o
 .debug_macro   0x0000000000001161      0x103 ./Core/Src/main.o
 .debug_macro   0x0000000000001264       0x6a ./Core/Src/main.o
 .debug_macro   0x00000000000012ce      0x1df ./Core/Src/main.o
 .debug_macro   0x00000000000014ad       0x1c ./Core/Src/main.o
 .debug_macro   0x00000000000014c9       0x22 ./Core/Src/main.o
 .debug_macro   0x00000000000014eb       0xfb ./Core/Src/main.o
 .debug_macro   0x00000000000015e6     0x1305 ./Core/Src/main.o
 .debug_macro   0x00000000000028eb      0x11f ./Core/Src/main.o
 .debug_macro   0x0000000000002a0a       0x27 ./Core/Src/main.o
 .debug_macro   0x0000000000002a31    0x25882 ./Core/Src/main.o
 .debug_macro   0x00000000000282b3       0x6d ./Core/Src/main.o
 .debug_macro   0x0000000000028320     0x3d5d ./Core/Src/main.o
 .debug_macro   0x000000000002c07d      0x174 ./Core/Src/main.o
 .debug_macro   0x000000000002c1f1       0x61 ./Core/Src/main.o
 .debug_macro   0x000000000002c252       0x29 ./Core/Src/main.o
 .debug_macro   0x000000000002c27b       0x43 ./Core/Src/main.o
 .debug_macro   0x000000000002c2be       0x34 ./Core/Src/main.o
 .debug_macro   0x000000000002c2f2       0x16 ./Core/Src/main.o
 .debug_macro   0x000000000002c308       0x43 ./Core/Src/main.o
 .debug_macro   0x000000000002c34b       0x34 ./Core/Src/main.o
 .debug_macro   0x000000000002c37f       0x10 ./Core/Src/main.o
 .debug_macro   0x000000000002c38f       0x58 ./Core/Src/main.o
 .debug_macro   0x000000000002c3e7       0x8e ./Core/Src/main.o
 .debug_macro   0x000000000002c475       0x1c ./Core/Src/main.o
 .debug_macro   0x000000000002c491      0x177 ./Core/Src/main.o
 .debug_macro   0x000000000002c608      0x369 ./Core/Src/main.o
 .debug_macro   0x000000000002c971      0x19b ./Core/Src/main.o
 .debug_macro   0x000000000002cb0c       0x5d ./Core/Src/main.o
 .debug_macro   0x000000000002cb69     0x2382 ./Core/Src/main.o
 .debug_macro   0x000000000002eeeb     0x102c ./Core/Src/main.o
 .debug_macro   0x000000000002ff17      0x154 ./Core/Src/main.o
 .debug_macro   0x000000000003006b      0x114 ./Core/Src/main.o
 .debug_macro   0x000000000003017f      0x3b2 ./Core/Src/main.o
 .debug_macro   0x0000000000030531       0xac ./Core/Src/main.o
 .debug_macro   0x00000000000305dd      0x72d ./Core/Src/main.o
 .debug_macro   0x0000000000030d0a      0x228 ./Core/Src/main.o
 .debug_macro   0x0000000000030f32       0x66 ./Core/Src/main.o
 .debug_macro   0x0000000000030f98      0x3bb ./Core/Src/main.o
 .debug_macro   0x0000000000031353      0x3e4 ./Core/Src/main.o
 .debug_macro   0x0000000000031737      0x275 ./Core/Src/main.o
 .debug_macro   0x00000000000319ac     0x1044 ./Core/Src/main.o
 .debug_macro   0x00000000000329f0      0x6cc ./Core/Src/main.o
 .debug_macro   0x00000000000330bc      0x36e ./Core/Src/main.o
 .debug_macro   0x000000000003342a      0x3ca ./Core/Src/main.o
 .debug_macro   0x00000000000337f4      0x408 ./Core/Src/main.o
 .debug_macro   0x0000000000033bfc       0x51 ./Core/Src/main.o
 .debug_macro   0x0000000000033c4d       0x4a ./Core/Src/main.o
 .debug_macro   0x0000000000033c97      0x22c ./Core/Src/main.o
 .debug_macro   0x0000000000033ec3       0x67 ./Core/Src/main.o
 .debug_macro   0x0000000000033f2a       0xa5 ./Core/Src/main.o
 .debug_macro   0x0000000000033fcf      0x1c4 ./Core/Src/main.o
 .debug_macro   0x0000000000034193      0x25e ./Core/Src/main.o
 .debug_macro   0x00000000000343f1       0x35 ./Core/Src/main.o
 .debug_macro   0x0000000000034426      0xaf3 ./Core/Src/main.o
 .debug_macro   0x0000000000034f19      0x29f ./Core/Src/main.o
 .debug_macro   0x00000000000351b8      0x5a0 ./Core/Src/main.o
 .debug_macro   0x0000000000035758       0x64 ./Core/Src/main.o
 .debug_macro   0x00000000000357bc       0x1c ./Core/Src/main.o
 .debug_macro   0x00000000000357d8       0x35 ./Core/Src/main.o
 .debug_macro   0x000000000003580d       0x10 ./Core/Src/main.o
 .debug_macro   0x000000000003581d       0x1c ./Core/Src/main.o
 .debug_macro   0x0000000000035839       0x16 ./Core/Src/main.o
 .debug_macro   0x000000000003584f      0x147 ./Core/Src/main.o
 .debug_macro   0x0000000000035996      0x2c5 ./Core/Src/stm32h7xx_hal_msp.o
 .debug_macro   0x0000000000035c5b      0x2cf ./Core/Src/stm32h7xx_it.o
 .debug_macro   0x0000000000035f2a      0x2b6 ./Core/Src/system_stm32h7xx.o
 .debug_macro   0x00000000000361e0      0x2e0 ./Drivers/STM32H7xx_HAL_Driver/Src/stm32h7xx_hal.o
 .debug_macro   0x00000000000364c0      0x2da ./Drivers/STM32H7xx_HAL_Driver/Src/stm32h7xx_hal_adc.o
 .debug_macro   0x000000000003679a      0x2c2 ./Drivers/STM32H7xx_HAL_Driver/Src/stm32h7xx_hal_adc_ex.o
 .debug_macro   0x0000000000036a5c      0x2b6 ./Drivers/STM32H7xx_HAL_Driver/Src/stm32h7xx_hal_cortex.o
 .debug_macro   0x0000000000036d12      0x30a ./Drivers/STM32H7xx_HAL_Driver/Src/stm32h7xx_hal_dma.o
 .debug_macro   0x000000000003701c      0x2bd ./Drivers/STM32H7xx_HAL_Driver/Src/stm32h7xx_hal_gpio.o
 .debug_macro   0x00000000000372d9      0x382 ./Drivers/STM32H7xx_HAL_Driver/Src/stm32h7xx_hal_i2c.o
 .debug_macro   0x000000000003765b      0x2b6 ./Drivers/STM32H7xx_HAL_Driver/Src/stm32h7xx_hal_i2c_ex.o
 .debug_macro   0x0000000000037911      0x2ef ./Drivers/STM32H7xx_HAL_Driver/Src/stm32h7xx_hal_pwr_ex.o
 .debug_macro   0x0000000000037c00      0x2da ./Drivers/STM32H7xx_HAL_Driver/Src/stm32h7xx_hal_rcc.o
 .debug_macro   0x0000000000037eda      0x2d4 ./Drivers/STM32H7xx_HAL_Driver/Src/stm32h7xx_hal_rcc_ex.o
 .debug_macro   0x00000000000381ae      0x2b7 ./Drivers/STM32H7xx_HAL_Driver/Src/stm32h7xx_hal_tim.o
 .debug_macro   0x0000000000038465      0x2b6 ./Drivers/STM32H7xx_HAL_Driver/Src/stm32h7xx_hal_tim_ex.o

.debug_line     0x0000000000000000    0x1aa01
 .debug_line    0x0000000000000000      0xc6a ./Core/Src/main.o
 .debug_line    0x0000000000000c6a      0xa39 ./Core/Src/stm32h7xx_hal_msp.o
 .debug_line    0x00000000000016a3      0xa33 ./Core/Src/stm32h7xx_it.o
 .debug_line    0x00000000000020d6      0xaa8 ./Core/Src/system_stm32h7xx.o
 .debug_line    0x0000000000002b7e       0x7a ./Core/Startup/startup_stm32h743zitx.o
 .debug_line    0x0000000000002bf8      0xea3 ./Drivers/STM32H7xx_HAL_Driver/Src/stm32h7xx_hal.o
 .debug_line    0x0000000000003a9b     0x23f1 ./Drivers/STM32H7xx_HAL_Driver/Src/stm32h7xx_hal_adc.o
 .debug_line    0x0000000000005e8c     0x1fc6 ./Drivers/STM32H7xx_HAL_Driver/Src/stm32h7xx_hal_adc_ex.o
 .debug_line    0x0000000000007e52      0xeac ./Drivers/STM32H7xx_HAL_Driver/Src/stm32h7xx_hal_cortex.o
 .debug_line    0x0000000000008cfe     0x27f4 ./Drivers/STM32H7xx_HAL_Driver/Src/stm32h7xx_hal_dma.o
 .debug_line    0x000000000000b4f2      0xd69 ./Drivers/STM32H7xx_HAL_Driver/Src/stm32h7xx_hal_gpio.o
 .debug_line    0x000000000000c25b     0x3c99 ./Drivers/STM32H7xx_HAL_Driver/Src/stm32h7xx_hal_i2c.o
 .debug_line    0x000000000000fef4      0xb16 ./Drivers/STM32H7xx_HAL_Driver/Src/stm32h7xx_hal_i2c_ex.o
 .debug_line    0x0000000000010a0a      0xfc0 ./Drivers/STM32H7xx_HAL_Driver/Src/stm32h7xx_hal_pwr_ex.o
 .debug_line    0x00000000000119ca     0x1476 ./Drivers/STM32H7xx_HAL_Driver/Src/stm32h7xx_hal_rcc.o
 .debug_line    0x0000000000012e40     0x1d6e ./Drivers/STM32H7xx_HAL_Driver/Src/stm32h7xx_hal_rcc_ex.o
 .debug_line    0x0000000000014bae     0x3ff8 ./Drivers/STM32H7xx_HAL_Driver/Src/stm32h7xx_hal_tim.o
 .debug_line    0x0000000000018ba6     0x1e5b ./Drivers/STM32H7xx_HAL_Driver/Src/stm32h7xx_hal_tim_ex.o

.debug_str      0x0000000000000000   0x170e27
 .debug_str     0x0000000000000000   0x16aeb6 ./Core/Src/main.o
                                     0x16b7cb (size before relaxing)
 .debug_str     0x000000000016aeb6      0x419 ./Core/Src/stm32h7xx_hal_msp.o
                                     0x16af0f (size before relaxing)
 .debug_str     0x000000000016b2cf      0x17c ./Core/Src/stm32h7xx_it.o
                                     0x16a175 (size before relaxing)
 .debug_str     0x000000000016b44b      0x33a ./Core/Src/system_stm32h7xx.o
                                     0x1697a2 (size before relaxing)
 .debug_str     0x000000000016b785       0x34 ./Core/Startup/startup_stm32h743zitx.o
                                         0x6b (size before relaxing)
 .debug_str     0x000000000016b7b9      0x7ef ./Drivers/STM32H7xx_HAL_Driver/Src/stm32h7xx_hal.o
                                     0x16a6b8 (size before relaxing)
 .debug_str     0x000000000016bfa8      0xac8 ./Drivers/STM32H7xx_HAL_Driver/Src/stm32h7xx_hal_adc.o
                                     0x16a541 (size before relaxing)
 .debug_str     0x000000000016ca70      0x7c4 ./Drivers/STM32H7xx_HAL_Driver/Src/stm32h7xx_hal_adc_ex.o
                                     0x16a580 (size before relaxing)
 .debug_str     0x000000000016d234      0x32c ./Drivers/STM32H7xx_HAL_Driver/Src/stm32h7xx_hal_cortex.o
                                     0x16a0bb (size before relaxing)
 .debug_str     0x000000000016d560      0x82d ./Drivers/STM32H7xx_HAL_Driver/Src/stm32h7xx_hal_dma.o
                                     0x169edc (size before relaxing)
 .debug_str     0x000000000016dd8d       0xd9 ./Drivers/STM32H7xx_HAL_Driver/Src/stm32h7xx_hal_gpio.o
                                     0x169759 (size before relaxing)
 .debug_str     0x000000000016de66      0xd54 ./Drivers/STM32H7xx_HAL_Driver/Src/stm32h7xx_hal_i2c.o
                                     0x16a7fd (size before relaxing)
 .debug_str     0x000000000016ebba       0xb8 ./Drivers/STM32H7xx_HAL_Driver/Src/stm32h7xx_hal_i2c_ex.o
                                     0x169bc8 (size before relaxing)
 .debug_str     0x000000000016ec72      0x624 ./Drivers/STM32H7xx_HAL_Driver/Src/stm32h7xx_hal_pwr_ex.o
                                     0x169c1a (size before relaxing)
 .debug_str     0x000000000016f296      0x21a ./Drivers/STM32H7xx_HAL_Driver/Src/stm32h7xx_hal_rcc.o
                                     0x169b3d (size before relaxing)
 .debug_str     0x000000000016f4b0      0x61e ./Drivers/STM32H7xx_HAL_Driver/Src/stm32h7xx_hal_rcc_ex.o
                                     0x16a01e (size before relaxing)
 .debug_str     0x000000000016face      0xdd2 ./Drivers/STM32H7xx_HAL_Driver/Src/stm32h7xx_hal_tim.o
                                     0x16a8cc (size before relaxing)
 .debug_str     0x00000000001708a0      0x587 ./Drivers/STM32H7xx_HAL_Driver/Src/stm32h7xx_hal_tim_ex.o
                                     0x16a204 (size before relaxing)

.debug_frame    0x0000000000000000     0x591c
 .debug_frame   0x0000000000000000      0x1ec ./Core/Src/main.o
 .debug_frame   0x00000000000001ec      0x118 ./Core/Src/stm32h7xx_hal_msp.o
 .debug_frame   0x0000000000000304      0x190 ./Core/Src/stm32h7xx_it.o
 .debug_frame   0x0000000000000494       0x58 ./Core/Src/system_stm32h7xx.o
 .debug_frame   0x00000000000004ec      0x690 ./Drivers/STM32H7xx_HAL_Driver/Src/stm32h7xx_hal.o
 .debug_frame   0x0000000000000b7c      0xa28 ./Drivers/STM32H7xx_HAL_Driver/Src/stm32h7xx_hal_adc.o
 .debug_frame   0x00000000000015a4      0x88c ./Drivers/STM32H7xx_HAL_Driver/Src/stm32h7xx_hal_adc_ex.o
 .debug_frame   0x0000000000001e30      0x4b8 ./Drivers/STM32H7xx_HAL_Driver/Src/stm32h7xx_hal_cortex.o
 .debug_frame   0x00000000000022e8      0x2b4 ./Drivers/STM32H7xx_HAL_Driver/Src/stm32h7xx_hal_dma.o
 .debug_frame   0x000000000000259c      0x14c ./Drivers/STM32H7xx_HAL_Driver/Src/stm32h7xx_hal_gpio.o
 .debug_frame   0x00000000000026e8      0xc40 ./Drivers/STM32H7xx_HAL_Driver/Src/stm32h7xx_hal_i2c.o
 .debug_frame   0x0000000000003328      0x100 ./Drivers/STM32H7xx_HAL_Driver/Src/stm32h7xx_hal_i2c_ex.o
 .debug_frame   0x0000000000003428      0x580 ./Drivers/STM32H7xx_HAL_Driver/Src/stm32h7xx_hal_pwr_ex.o
 .debug_frame   0x00000000000039a8      0x1f8 ./Drivers/STM32H7xx_HAL_Driver/Src/stm32h7xx_hal_rcc.o
 .debug_frame   0x0000000000003ba0      0x414 ./Drivers/STM32H7xx_HAL_Driver/Src/stm32h7xx_hal_rcc_ex.o
 .debug_frame   0x0000000000003fb4     0x121c ./Drivers/STM32H7xx_HAL_Driver/Src/stm32h7xx_hal_tim.o
 .debug_frame   0x00000000000051d0      0x6d8 ./Drivers/STM32H7xx_HAL_Driver/Src/stm32h7xx_hal_tim_ex.o
 .debug_frame   0x00000000000058a8       0x20 C:/ST/STM32CubeIDE_1.14.1/STM32CubeIDE/plugins/com.st.stm32cube.ide.mcu.externaltools.gnu-tools-for-stm32.11.3.rel1.win32_1.1.100.202309141235/tools/bin/../lib/gcc/arm-none-eabi/11.3.1/../../../../arm-none-eabi/lib/thumb/v7e-m+dp/hard\libc_nano.a(libc_a-memset.o)
 .debug_frame   0x00000000000058c8       0x2c C:/ST/STM32CubeIDE_1.14.1/STM32CubeIDE/plugins/com.st.stm32cube.ide.mcu.externaltools.gnu-tools-for-stm32.11.3.rel1.win32_1.1.100.202309141235/tools/bin/../lib/gcc/arm-none-eabi/11.3.1/../../../../arm-none-eabi/lib/thumb/v7e-m+dp/hard\libc_nano.a(libc_a-init.o)
 .debug_frame   0x00000000000058f4       0x28 C:/ST/STM32CubeIDE_1.14.1/STM32CubeIDE/plugins/com.st.stm32cube.ide.mcu.externaltools.gnu-tools-for-stm32.11.3.rel1.win32_1.1.100.202309141235/tools/bin/../lib/gcc/arm-none-eabi/11.3.1/../../../../arm-none-eabi/lib/thumb/v7e-m+dp/hard\libc_nano.a(libc_a-memcpy-stub.o)

.debug_line_str
                0x0000000000000000       0x5f
 .debug_line_str
                0x0000000000000000       0x5f ./Core/Startup/startup_stm32h743zitx.o
                                         0x77 (size before relaxing)
