../Core/Src/main.c:76:6:writeVCNLByte	32	static
../Core/Src/main.c:85:9:readVCNLByte	48	static
../Core/Src/main.c:105:5:main	104	static
../Core/Src/main.c:181:6:SystemClock_Config	128	static
../Core/Src/main.c:245:13:MX_ADC1_Init	48	static
../Core/Src/main.c:323:13:MX_I2C1_Init	8	static
../Core/Src/main.c:371:13:MX_TIM4_Init	40	static
../Core/Src/main.c:414:13:MX_DMA_Init	16	static
../Core/Src/main.c:432:13:MX_GPIO_Init	64	static
../Core/Src/main.c:503:6:HAL_TIM_PeriodElapsedCallback	16	static
../Core/Src/main.c:510:6:HAL_ADC_ConvHalfCpltCallback	16	static
../Core/Src/main.c:517:6:HAL_ADC_ConvCpltCallback	16	static
../Core/Src/main.c:530:6:Error_Handler	4	static,ignoring_inline_asm
